Archive member included because of file (symbol)

c:/program files/atollic/truestudio stm32 lite 2.0.1/armtools/bin/../lib/gcc/arm-atollic-eabi/4.5.1/../../../../arm-atollic-eabi/lib/thumb/thumb2\libc.a(lib_a-init.o)
                              Libraries\CMSIS\CM3\DeviceSupport\ST\STM32F10x\startup\TrueSTUDIO\startup_stm32f10x_ld.o (__libc_init_array)

Allocating common symbols
Common symbol       size              file

RxMessage2          0x14              src\main.o
PA                  0x2               src\main.o
SWIN                0x1               src\main.o
tick_counter1       0x4               src\main.o
tick_counter0       0x4               src\main.o
TestRx              0x1               src\main.o
tick_counter2       0x4               src\main.o
tick_counter3       0x4               src\main.o
CAN_FilterInitStructure
                    0xe               src\CAN1.o
CAN1_InitStruct     0xc               src\CAN1.o
TxMessage           0x14              src\CAN1.o
RxMessage           0x14              src\main.o
PreviousData0       0x1               src\main.o

Discarded input sections

 .text          0x00000000        0x0 c:/program files/atollic/truestudio stm32 lite 2.0.1/armtools/bin/../lib/gcc/arm-atollic-eabi/4.5.1/thumb/thumb2/crti.o
 .data          0x00000000        0x0 c:/program files/atollic/truestudio stm32 lite 2.0.1/armtools/bin/../lib/gcc/arm-atollic-eabi/4.5.1/thumb/thumb2/crti.o
 .bss           0x00000000        0x0 c:/program files/atollic/truestudio stm32 lite 2.0.1/armtools/bin/../lib/gcc/arm-atollic-eabi/4.5.1/thumb/thumb2/crti.o
 .data          0x00000000        0x4 c:/program files/atollic/truestudio stm32 lite 2.0.1/armtools/bin/../lib/gcc/arm-atollic-eabi/4.5.1/thumb/thumb2/crtbegin.o
 .text          0x00000000        0x0 src\uart.o
 .data          0x00000000        0x0 src\uart.o
 .bss           0x00000000        0x0 src\uart.o
 .text          0x00000000        0x0 src\system_stm32f10x.o
 .data          0x00000000        0x0 src\system_stm32f10x.o
 .bss           0x00000000        0x0 src\system_stm32f10x.o
 .data.SystemCoreClock
                0x00000000        0x4 src\system_stm32f10x.o
 .data.AHBPrescTable
                0x00000000       0x10 src\system_stm32f10x.o
 .text.SystemCoreClockUpdate
                0x00000000      0x148 src\system_stm32f10x.o
 .text          0x00000000        0x0 src\stm32f10x_it.o
 .data          0x00000000        0x0 src\stm32f10x_it.o
 .bss           0x00000000        0x0 src\stm32f10x_it.o
 .text          0x00000000        0x0 src\printf.o
 .data          0x00000000        0x0 src\printf.o
 .bss           0x00000000        0x0 src\printf.o
 .text.putcp    0x00000000       0x24 src\printf.o
 .text.tfp_sprintf
                0x00000000       0x44 src\printf.o
 .text          0x00000000        0x0 src\main.o
 .data          0x00000000        0x0 src\main.o
 .bss           0x00000000        0x0 src\main.o
 .bss.ret       0x00000000        0x4 src\main.o
 .text.uartsend
                0x00000000      0x1c0 src\main.o
 .text.NVIC_Configuration
                0x00000000       0x30 src\main.o
 .text          0x00000000        0x0 src\debug.o
 .data          0x00000000        0x0 src\debug.o
 .bss           0x00000000        0x0 src\debug.o
 .text          0x00000000        0x0 src\board_canall_v2.o
 .data          0x00000000        0x0 src\board_canall_v2.o
 .bss           0x00000000        0x0 src\board_canall_v2.o
 .text          0x00000000        0x0 src\FSM.o
 .data          0x00000000        0x0 src\FSM.o
 .bss           0x00000000        0x0 src\FSM.o
 .text          0x00000000        0x0 src\CAN1.o
 .data          0x00000000        0x0 src\CAN1.o
 .bss           0x00000000        0x0 src\CAN1.o
 .bss.i         0x00000000        0x4 src\CAN1.o
 .bss.tmp       0x00000000        0x4 src\CAN1.o
 .text.CanRx    0x00000000       0x64 src\CAN1.o
 .text.CanRxValid
                0x00000000       0x5c src\CAN1.o
 .text          0x00000000        0x0 Libraries\STM32F10x_StdPeriph_Driver\src\stm32f10x_wwdg.o
 .data          0x00000000        0x0 Libraries\STM32F10x_StdPeriph_Driver\src\stm32f10x_wwdg.o
 .bss           0x00000000        0x0 Libraries\STM32F10x_StdPeriph_Driver\src\stm32f10x_wwdg.o
 .text.WWDG_DeInit
                0x00000000       0x20 Libraries\STM32F10x_StdPeriph_Driver\src\stm32f10x_wwdg.o
 .text.WWDG_SetPrescaler
                0x00000000       0x40 Libraries\STM32F10x_StdPeriph_Driver\src\stm32f10x_wwdg.o
 .text.WWDG_SetWindowValue
                0x00000000       0x44 Libraries\STM32F10x_StdPeriph_Driver\src\stm32f10x_wwdg.o
 .text.WWDG_EnableIT
                0x00000000       0x18 Libraries\STM32F10x_StdPeriph_Driver\src\stm32f10x_wwdg.o
 .text.WWDG_SetCounter
                0x00000000       0x24 Libraries\STM32F10x_StdPeriph_Driver\src\stm32f10x_wwdg.o
 .text.WWDG_Enable
                0x00000000       0x28 Libraries\STM32F10x_StdPeriph_Driver\src\stm32f10x_wwdg.o
 .text.WWDG_GetFlagStatus
[...]
Memory Configuration

Name             Origin             Length             Attributes
FLASH            0x08000000         0x00008000         xr
RAM              0x20000000         0x00002800         xrw
MEMORY_B1        0x60000000         0x00000000         xr
*default*        0x00000000         0xffffffff

Linker script and memory map

LOAD c:/program files/atollic/truestudio stm32 lite 2.0.1/armtools/bin/../lib/gcc/arm-atollic-eabi/4.5.1/thumb/thumb2/crti.o
LOAD c:/program files/atollic/truestudio stm32 lite 2.0.1/armtools/bin/../lib/gcc/arm-atollic-eabi/4.5.1/thumb/thumb2/crtbegin.o
LOAD src\uart.o
LOAD src\system_stm32f10x.o
LOAD src\stm32f10x_it.o
LOAD src\printf.o
LOAD src\main.o
LOAD src\debug.o
LOAD src\board_canall_v2.o
LOAD src\FSM.o
LOAD src\CAN1.o
LOAD Libraries\STM32F10x_StdPeriph_Driver\src\stm32f10x_wwdg.o
LOAD Libraries\STM32F10x_StdPeriph_Driver\src\stm32f10x_usart.o
LOAD Libraries\STM32F10x_StdPeriph_Driver\src\stm32f10x_tim.o
LOAD Libraries\STM32F10x_StdPeriph_Driver\src\stm32f10x_spi.o
LOAD Libraries\STM32F10x_StdPeriph_Driver\src\stm32f10x_sdio.o
LOAD Libraries\STM32F10x_StdPeriph_Driver\src\stm32f10x_rtc.o
LOAD Libraries\STM32F10x_StdPeriph_Driver\src\stm32f10x_rcc.o
LOAD Libraries\STM32F10x_StdPeriph_Driver\src\stm32f10x_pwr.o
LOAD Libraries\STM32F10x_StdPeriph_Driver\src\stm32f10x_iwdg.o
LOAD Libraries\STM32F10x_StdPeriph_Driver\src\stm32f10x_i2c.o
LOAD Libraries\STM32F10x_StdPeriph_Driver\src\stm32f10x_gpio.o
LOAD Libraries\STM32F10x_StdPeriph_Driver\src\stm32f10x_fsmc.o
LOAD Libraries\STM32F10x_StdPeriph_Driver\src\stm32f10x_flash.o
LOAD Libraries\STM32F10x_StdPeriph_Driver\src\stm32f10x_exti.o
LOAD Libraries\STM32F10x_StdPeriph_Driver\src\stm32f10x_dma.o
LOAD Libraries\STM32F10x_StdPeriph_Driver\src\stm32f10x_dbgmcu.o
LOAD Libraries\STM32F10x_StdPeriph_Driver\src\stm32f10x_dac.o
LOAD Libraries\STM32F10x_StdPeriph_Driver\src\stm32f10x_crc.o
LOAD Libraries\STM32F10x_StdPeriph_Driver\src\stm32f10x_cec.o
LOAD Libraries\STM32F10x_StdPeriph_Driver\src\stm32f10x_can.o
LOAD Libraries\STM32F10x_StdPeriph_Driver\src\stm32f10x_bkp.o
LOAD Libraries\STM32F10x_StdPeriph_Driver\src\stm32f10x_adc.o
LOAD Libraries\STM32F10x_StdPeriph_Driver\src\misc.o
LOAD Libraries\CMSIS\CM3\DeviceSupport\ST\STM32F10x\startup\TrueSTUDIO\startup_stm32f10x_ld.o
LOAD Libraries\CMSIS\CM3\CoreSupport\core_cm3.o
START GROUP
LOAD c:/program files/atollic/truestudio stm32 lite 2.0.1/armtools/bin/../lib/gcc/arm-atollic-eabi/4.5.1/thumb/thumb2\libgcc.a
LOAD c:/program files/atollic/truestudio stm32 lite 2.0.1/armtools/bin/../lib/gcc/arm-atollic-eabi/4.5.1/../../../../arm-atollic-eabi/lib/thumb/thumb2\libc.a
END GROUP
LOAD c:/program files/atollic/truestudio stm32 lite 2.0.1/armtools/bin/../lib/gcc/arm-atollic-eabi/4.5.1/thumb/thumb2/crtend.o
LOAD c:/program files/atollic/truestudio stm32 lite 2.0.1/armtools/bin/../lib/gcc/arm-atollic-eabi/4.5.1/thumb/thumb2/crtn.o
                0x20002800                _estack = 0x20002800
                0x00000000                _Min_Heap_Size = 0x0
                0x00000080                _Min_Stack_Size = 0x80

.isr_vector     0x08000000      0x10c
                0x08000000                . = ALIGN (0x4)
 *(.isr_vector)
 .isr_vector    0x08000000      0x10c Libraries\CMSIS\CM3\DeviceSupport\ST\STM32F10x\startup\TrueSTUDIO\startup_stm32f10x_ld.o
                0x08000000                g_pfnVectors
                0x0800010c                . = ALIGN (0x4)

.text           0x0800010c     0x2978
                0x0800010c                . = ALIGN (0x4)
 *(.text)
 .text          0x0800010c       0x30 c:/program files/atollic/truestudio stm32 lite 2.0.1/armtools/bin/../lib/gcc/arm-atollic-eabi/4.5.1/thumb/thumb2/crtbegin.o
 *(.text*)
 .text.InitializeUarts
                0x0800013c       0xd0 src\uart.o
                0x0800013c                InitializeUarts
 .text.SystemInit
                0x0800020c       0xac src\system_stm32f10x.o
                0x0800020c                SystemInit
 .text.SetSysClock
                0x080002b8        0xc src\system_stm32f10x.o
 .text.SetSysClockTo72
                0x080002c4      0x1ac src\system_stm32f10x.o
 .text.NMI_Handler
                0x08000470        0xc src\stm32f10x_it.o
                0x08000470                NMI_Handler
 .text.HardFault_Handler
                0x0800047c        0x8 src\stm32f10x_it.o
                0x0800047c                HardFault_Handler
 .text.MemManage_Handler
                0x08000484        0x8 src\stm32f10x_it.o
                0x08000484                MemManage_Handler
 .text.BusFault_Handler
                0x0800048c        0x8 src\stm32f10x_it.o
                0x0800048c                BusFault_Handler
 .text.UsageFault_Handler
                0x08000494        0x8 src\stm32f10x_it.o
                0x08000494                UsageFault_Handler
 .text.SVC_Handler
                0x0800049c        0xc src\stm32f10x_it.o
                0x0800049c                SVC_Handler
 .text.DebugMon_Handler
                0x080004a8        0xc src\stm32f10x_it.o
                0x080004a8                DebugMon_Handler
 .text.PendSV_Handler
                0x080004b4        0xc src\stm32f10x_it.o
                0x080004b4                PendSV_Handler
 .text.SysTick_Handler
                0x080004c0       0xc0 src\stm32f10x_it.o
                0x080004c0                SysTick_Handler
 .text.USB_LP_CAN1_RX0_IRQHandler
                0x08000580        0xc src\stm32f10x_it.o
                0x08000580                USB_LP_CAN1_RX0_IRQHandler
 .text.ui2a     0x0800058c       0xc0 src\printf.o
 .text.i2a      0x0800064c       0x44 src\printf.o
 .text.a2d      0x08000690       0x58 src\printf.o
 .text.a2i      0x080006e8       0x70 src\printf.o
 .text.putchw   0x08000758       0xa8 src\printf.o
 .text.tfp_format
                0x08000800      0x1c8 src\printf.o
                0x08000800                tfp_format
 .text.init_printf
                0x080009c8       0x2c src\printf.o
                0x080009c8                init_printf
 .text.tfp_printf
                0x080009f4       0x3c src\printf.o
                0x080009f4                tfp_printf
 .text.main     0x08000a30       0x78 src\main.o
                0x08000a30                main
 .text.zwitches
                0x08000aa8       0xa8 src\main.o
                0x08000aa8                zwitches
 .text.statusbits
                0x08000b50       0x2c src\main.o
                0x08000b50                statusbits
 .text.putc     0x08000b7c       0x40 src\main.o
                0x08000b7c                putc
 .text.SwitchesToOut
                0x08000bbc      0x178 src\main.o
                0x08000bbc                SwitchesToOut
 .text.LatchInOut
                0x08000d34      0x280 src\main.o
                0x08000d34                LatchInOut
 .text.Blink    0x08000fb4       0x28 src\main.o
                0x08000fb4                Blink
 .text.XmitChanges
                0x08000fdc      0x138 src\main.o
                0x08000fdc                XmitChanges
 .text.CanRxToUart
                0x08001114      0x14c src\main.o
                0x08001114                CanRxToUart
 .text.SysTick_Init
                0x08001260       0x58 src\main.o
                0x08001260                SysTick_Init
 .text.InitBoardCanall
                0x080012b8      0x14c src\board_canall_v2.o
                0x080012b8                InitBoardCanall
 .text.CAN1_setup
                0x08001404      0x164 src\CAN1.o
                0x08001404                CAN1_setup
 .text.CanTx    0x08001568       0xa4 src\CAN1.o
                0x08001568                CanTx
 .text.CanTxWait
                0x0800160c       0x70 src\CAN1.o
                0x0800160c                CanTxWait
 .text.USART_Init
                0x0800167c      0x1c0 Libraries\STM32F10x_StdPeriph_Driver\src\stm32f10x_usart.o
                0x0800167c                USART_Init
 .text.USART_Cmd
                0x0800183c       0x40 Libraries\STM32F10x_StdPeriph_Driver\src\stm32f10x_usart.o
                0x0800183c                USART_Cmd
 .text.USART_SendData
                0x0800187c       0x28 Libraries\STM32F10x_StdPeriph_Driver\src\stm32f10x_usart.o
                0x0800187c                USART_SendData
 .text.USART_GetFlagStatus
                0x080018a4       0x40 Libraries\STM32F10x_StdPeriph_Driver\src\stm32f10x_usart.o
                0x080018a4                USART_GetFlagStatus
 .text.RCC_GetClocksFreq
                0x080018e4      0x1d4 Libraries\STM32F10x_StdPeriph_Driver\src\stm32f10x_rcc.o
                0x080018e4                RCC_GetClocksFreq
 .text.RCC_APB2PeriphClockCmd
                0x08001ab8       0x5c Libraries\STM32F10x_StdPeriph_Driver\src\stm32f10x_rcc.o
                0x08001ab8                RCC_APB2PeriphClockCmd
 .text.RCC_APB1PeriphClockCmd
                0x08001b14       0x5c Libraries\STM32F10x_StdPeriph_Driver\src\stm32f10x_rcc.o
                0x08001b14                RCC_APB1PeriphClockCmd
 .text.RCC_APB1PeriphResetCmd
                0x08001b70       0x5c Libraries\STM32F10x_StdPeriph_Driver\src\stm32f10x_rcc.o
                0x08001b70                RCC_APB1PeriphResetCmd
 .text.GPIO_Init
                0x08001bcc      0x1c0 Libraries\STM32F10x_StdPeriph_Driver\src\stm32f10x_gpio.o
                0x08001bcc                GPIO_Init
 .text.GPIO_ReadInputDataBit
                0x08001d8c       0x40 Libraries\STM32F10x_StdPeriph_Driver\src\stm32f10x_gpio.o
                0x08001d8c                GPIO_ReadInputDataBit
 .text.GPIO_ReadOutputData
                0x08001dcc       0x1c Libraries\STM32F10x_StdPeriph_Driver\src\stm32f10x_gpio.o
                0x08001dcc                GPIO_ReadOutputData
 .text.GPIO_SetBits
                0x08001de8       0x1c Libraries\STM32F10x_StdPeriph_Driver\src\stm32f10x_gpio.o
                0x08001de8                GPIO_SetBits
 .text.GPIO_ResetBits
                0x08001e04       0x1c Libraries\STM32F10x_StdPeriph_Driver\src\stm32f10x_gpio.o
                0x08001e04                GPIO_ResetBits
 .text.GPIO_PinRemapConfig
                0x08001e20      0x124 Libraries\STM32F10x_StdPeriph_Driver\src\stm32f10x_gpio.o
                0x08001e20                GPIO_PinRemapConfig
 .text.CAN_DeInit
                0x08001f44       0x50 Libraries\STM32F10x_StdPeriph_Driver\src\stm32f10x_can.o
                0x08001f44                CAN_DeInit
 .text.CAN_Init
                0x08001f94      0x1c0 Libraries\STM32F10x_StdPeriph_Driver\src\stm32f10x_can.o
                0x08001f94                CAN_Init
 .text.CAN_FilterInit
                0x08002154      0x238 Libraries\STM32F10x_StdPeriph_Driver\src\stm32f10x_can.o
                0x08002154                CAN_FilterInit
 .text.CAN_StructInit
                0x0800238c       0x6c Libraries\STM32F10x_StdPeriph_Driver\src\stm32f10x_can.o
                0x0800238c                CAN_StructInit
 .text.CAN_Transmit
                0x080023f8      0x1f0 Libraries\STM32F10x_StdPeriph_Driver\src\stm32f10x_can.o
                0x080023f8                CAN_Transmit
 .text.CAN_TransmitStatus
                0x080025e8      0x134 Libraries\STM32F10x_StdPeriph_Driver\src\stm32f10x_can.o
                0x080025e8                CAN_TransmitStatus
 .text.CAN_FIFORelease
                0x0800271c       0x38 Libraries\STM32F10x_StdPeriph_Driver\src\stm32f10x_can.o
                0x0800271c                CAN_FIFORelease
 .text.CAN_MessagePending
                0x08002754       0x50 Libraries\STM32F10x_StdPeriph_Driver\src\stm32f10x_can.o
                0x08002754                CAN_MessagePending
 .text.CAN_Receive
                0x080027a4      0x190 Libraries\STM32F10x_StdPeriph_Driver\src\stm32f10x_can.o
                0x080027a4                CAN_Receive
 .text.Reset_Handler
                0x08002934       0x48 Libraries\CMSIS\CM3\DeviceSupport\ST\STM32F10x\startup\TrueSTUDIO\startup_stm32f10x_ld.o
                0x08002934                Reset_Handler
 .text.Default_Handler
                0x0800297c        0x2 Libraries\CMSIS\CM3\DeviceSupport\ST\STM32F10x\startup\TrueSTUDIO\startup_stm32f10x_ld.o
                0x0800297c                EXTI2_IRQHandler
                0x0800297c                TIM1_CC_IRQHandler
                0x0800297c                PVD_IRQHandler
                0x0800297c                EXTI3_IRQHandler
                0x0800297c                EXTI0_IRQHandler
                0x0800297c                ADC1_2_IRQHandler
                0x0800297c                SPI1_IRQHandler
                0x0800297c                TAMPER_IRQHandler
                0x0800297c                DMA1_Channel4_IRQHandler
                0x0800297c                RTC_IRQHandler
                0x0800297c                DMA1_Channel7_IRQHandler
                0x0800297c                CAN1_RX1_IRQHandler
                0x0800297c                I2C1_EV_IRQHandler
                0x0800297c                DMA1_Channel6_IRQHandler
                0x0800297c                TIM3_IRQHandler
                0x0800297c                RCC_IRQHandler
                0x0800297c                TIM1_TRG_COM_IRQHandler
                0x0800297c                DMA1_Channel1_IRQHandler
                0x0800297c                Default_Handler
                0x0800297c                EXTI15_10_IRQHandler
                0x0800297c                EXTI9_5_IRQHandler
                0x0800297c                DMA1_Channel5_IRQHandler
                0x0800297c                EXTI4_IRQHandler
                0x0800297c                USB_HP_CAN1_TX_IRQHandler
                0x0800297c                DMA1_Channel3_IRQHandler
                0x0800297c                TIM1_UP_IRQHandler
                0x0800297c                WWDG_IRQHandler
                0x0800297c                TIM2_IRQHandler
                0x0800297c                TIM1_BRK_IRQHandler
                0x0800297c                EXTI1_IRQHandler
                0x0800297c                RTCAlarm_IRQHandler
                0x0800297c                USART2_IRQHandler
                0x0800297c                DMA1_Channel2_IRQHandler
                0x0800297c                CAN1_SCE_IRQHandler
                0x0800297c                FLASH_IRQHandler
                0x0800297c                USART1_IRQHandler
                0x0800297c                I2C1_ER_IRQHandler
                0x0800297c                USBWakeUp_IRQHandler
 *fill*         0x0800297e        0x2 00
 .text.__libc_init_array
                0x08002980       0x48 c:/program files/atollic/truestudio stm32 lite 2.0.1/armtools/bin/../lib/gcc/arm-atollic-eabi/4.5.1/../../../../arm-atollic-eabi/lib/thumb/thumb2\libc.a(lib_a-init.o)
                0x08002980                __libc_init_array
 *(.rodata)
 .rodata        0x080029c8       0xa4 src\main.o
 *(.rodata*)
 *(.glue_7)
 .glue_7        0x00000000        0x0 linker stubs
 *(.glue_7t)
 .glue_7t       0x00000000        0x0 linker stubs
 *(.eh_frame)
 *(.init)
 .init          0x08002a6c        0x4 c:/program files/atollic/truestudio stm32 lite 2.0.1/armtools/bin/../lib/gcc/arm-atollic-eabi/4.5.1/thumb/thumb2/crti.o
                0x08002a6c                _init
 .init          0x08002a70        0x8 c:/program files/atollic/truestudio stm32 lite 2.0.1/armtools/bin/../lib/gcc/arm-atollic-eabi/4.5.1/thumb/thumb2/crtn.o
 *(.fini)
 .fini          0x08002a78        0x4 c:/program files/atollic/truestudio stm32 lite 2.0.1/armtools/bin/../lib/gcc/arm-atollic-eabi/4.5.1/thumb/thumb2/crti.o
                0x08002a78                _fini
 .fini          0x08002a7c        0x8 c:/program files/atollic/truestudio stm32 lite 2.0.1/armtools/bin/../lib/gcc/arm-atollic-eabi/4.5.1/thumb/thumb2/crtn.o
                0x08002a84                . = ALIGN (0x4)
                0x08002a84                _etext = .

.vfp11_veneer   0x08002a84        0x0
 .vfp11_veneer  0x00000000        0x0 linker stubs

.v4_bx          0x08002a84        0x0
 .v4_bx         0x00000000        0x0 linker stubs

.ARM.extab
 *(.ARM.extab* .gnu.linkonce.armextab.*)

.ARM            0x08002a84        0x0
                0x08002a84                __exidx_start = .
 *(.ARM.exidx*)
                0x08002a84                __exidx_end = .

.preinit_array  0x08002a84        0x0
                0x08002a84                PROVIDE (__preinit_array_start, .)
 *(.preinit_array*)
                0x08002a84                PROVIDE (__preinit_array_end, .)

.init_array     0x08002a84        0x4
                0x08002a84                PROVIDE (__init_array_start, .)
 *(SORT(.init_array.*))
 *(.init_array*)
 .init_array    0x08002a84        0x4 c:/program files/atollic/truestudio stm32 lite 2.0.1/armtools/bin/../lib/gcc/arm-atollic-eabi/4.5.1/thumb/thumb2/crtbegin.o
                0x08002a88                PROVIDE (__init_array_end, .)

.fini_array     0x08002a88        0x4
                0x08002a88                PROVIDE (__fini_array_start, .)
 *(.fini_array*)
 .fini_array    0x08002a88        0x4 c:/program files/atollic/truestudio stm32 lite 2.0.1/armtools/bin/../lib/gcc/arm-atollic-eabi/4.5.1/thumb/thumb2/crtbegin.o
 *(SORT(.fini_array.*))
                0x08002a8c                PROVIDE (__fini_array_end, .)
                0x08002a8c                _sidata = .

.data           0x20000000       0x14 load address 0x08002a8c
                0x20000000                . = ALIGN (0x4)
                0x20000000                _sdata = .
 *(.data)
 *(.data*)
 .data.APBAHBPrescTable
                0x20000000       0x10 Libraries\STM32F10x_StdPeriph_Driver\src\stm32f10x_rcc.o
 .data.ADCPrescTable
                0x20000010        0x4 Libraries\STM32F10x_StdPeriph_Driver\src\stm32f10x_rcc.o
                0x20000014                . = ALIGN (0x4)
                0x20000014                _edata = .

.jcr            0x20000014        0x0 load address 0x08002aa0
 .jcr           0x20000014        0x0 c:/program files/atollic/truestudio stm32 lite 2.0.1/armtools/bin/../lib/gcc/arm-atollic-eabi/4.5.1/thumb/thumb2/crtbegin.o
                0x20000014                . = ALIGN (0x4)

.bss            0x20000014       0x84 load address 0x08002aa0
                0x20000014                _sbss = .
                0x20000014                __bss_start__ = _sbss
 *(.bss)
 .bss           0x20000014        0x1 c:/program files/atollic/truestudio stm32 lite 2.0.1/armtools/bin/../lib/gcc/arm-atollic-eabi/4.5.1/thumb/thumb2/crtbegin.o
 *(.bss*)
 *fill*         0x20000015        0x3 00
 .bss.stdout_putf
                0x20000018        0x4 src\printf.o
 .bss.stdout_putp
                0x2000001c        0x4 src\printf.o
 .bss.TransmitMailbox
                0x20000020        0x1 src\CAN1.o
                0x20000020                TransmitMailbox
 *(COMMON)
 *fill*         0x20000021        0x3 00
 COMMON         0x20000024       0x41 src\main.o
                0x20000024                RxMessage2
                0x20000038                PA
                0x2000003a                SWIN
                0x2000003c                tick_counter1
                0x20000040                tick_counter0
                0x20000044                TestRx
                0x20000048                tick_counter2
                0x2000004c                tick_counter3
                0x20000050                RxMessage
                0x20000064                PreviousData0
 *fill*         0x20000065        0x3 00
 COMMON         0x20000068       0x30 src\CAN1.o
                0x20000068                CAN_FilterInitStructure
                0x20000078                CAN1_InitStruct
                0x20000084                TxMessage
                0x20000098                . = ALIGN (0x4)
                0x20000098                _ebss = .
                0x20000098                __bss_end__ = _ebss
                0x20000098                PROVIDE (end, _ebss)
                0x20000098                PROVIDE (_end, _ebss)

._user_heap_stack
                0x20000098       0x80 load address 0x08002b24
                0x20000098                . = ALIGN (0x4)
                0x20000098                . = (. + _Min_Heap_Size)
                0x20000118                . = (. + _Min_Stack_Size)
 *fill*         0x20000098       0x80 00
                0x20000118                . = ALIGN (0x4)

.memory_b1_text
 *(.mb1text)
 *(.mb1text*)
 *(.mb1rodata)
 *(.mb1rodata*)

/DISCARD/
 libc.a(*)
 libm.a(*)
 libgcc.a(*)

.ARM.attributes
                0x00000000       0x25
 *(.ARM.attributes)
 .ARM.attributes
                0x00000000       0x19 c:/program files/atollic/truestudio stm32 lite 2.0.1/armtools/bin/../lib/gcc/arm-atollic-eabi/4.5.1/thumb/thumb2/crti.o
 .ARM.attributes
                0x00000019       0x29 c:/program files/atollic/truestudio stm32 lite 2.0.1/armtools/bin/../lib/gcc/arm-atollic-eabi/4.5.1/thumb/thumb2/crtbegin.o
 .ARM.attributes
                0x00000042       0x31 src\uart.o
 .ARM.attributes
                0x00000073       0x31 src\system_stm32f10x.o
 .ARM.attributes
                0x000000a4       0x31 src\stm32f10x_it.o
 .ARM.attributes
                0x000000d5       0x31 src\printf.o
 .ARM.attributes
                0x00000106       0x31 src\main.o
 .ARM.attributes
                0x00000137       0x31 src\debug.o
 .ARM.attributes
                0x00000168       0x31 src\board_canall_v2.o
 .ARM.attributes
                0x00000199       0x31 src\FSM.o
 .ARM.attributes
                0x000001ca       0x31 src\CAN1.o
 .ARM.attributes
                0x000001fb       0x31 Libraries\STM32F10x_StdPeriph_Driver\src\stm32f10x_wwdg.o
 .ARM.attributes
                0x0000022c       0x31 Libraries\STM32F10x_StdPeriph_Driver\src\stm32f10x_usart.o
 .ARM.attributes
                0x0000025d       0x31 Libraries\STM32F10x_StdPeriph_Driver\src\stm32f10x_tim.o
 .ARM.attributes
                0x0000028e       0x31 Libraries\STM32F10x_StdPeriph_Driver\src\stm32f10x_spi.o
 .ARM.attributes
                0x000002bf       0x31 Libraries\STM32F10x_StdPeriph_Driver\src\stm32f10x_sdio.o
 .ARM.attributes
                0x000002f0       0x31 Libraries\STM32F10x_StdPeriph_Driver\src\stm32f10x_rtc.o
 .ARM.attributes
                0x00000321       0x31 Libraries\STM32F10x_StdPeriph_Driver\src\stm32f10x_rcc.o
 .ARM.attributes
                0x00000352       0x31 Libraries\STM32F10x_StdPeriph_Driver\src\stm32f10x_pwr.o
 .ARM.attributes
                0x00000383       0x31 Libraries\STM32F10x_StdPeriph_Driver\src\stm32f10x_iwdg.o
 .ARM.attributes
                0x000003b4       0x31 Libraries\STM32F10x_StdPeriph_Driver\src\stm32f10x_i2c.o
 .ARM.attributes
                0x000003e5       0x31 Libraries\STM32F10x_StdPeriph_Driver\src\stm32f10x_gpio.o
 .ARM.attributes
                0x00000416       0x31 Libraries\STM32F10x_StdPeriph_Driver\src\stm32f10x_fsmc.o
 .ARM.attributes
                0x00000447       0x31 Libraries\STM32F10x_StdPeriph_Driver\src\stm32f10x_flash.o
 .ARM.attributes
                0x00000478       0x31 Libraries\STM32F10x_StdPeriph_Driver\src\stm32f10x_exti.o
 .ARM.attributes
                0x000004a9       0x31 Libraries\STM32F10x_StdPeriph_Driver\src\stm32f10x_dma.o
 .ARM.attributes
                0x000004da       0x31 Libraries\STM32F10x_StdPeriph_Driver\src\stm32f10x_dbgmcu.o
 .ARM.attributes
                0x0000050b       0x31 Libraries\STM32F10x_StdPeriph_Driver\src\stm32f10x_dac.o
 .ARM.attributes
                0x0000053c       0x31 Libraries\STM32F10x_StdPeriph_Driver\src\stm32f10x_crc.o
 .ARM.attributes
                0x0000056d       0x31 Libraries\STM32F10x_StdPeriph_Driver\src\stm32f10x_cec.o
 .ARM.attributes
                0x0000059e       0x31 Libraries\STM32F10x_StdPeriph_Driver\src\stm32f10x_can.o
 .ARM.attributes
                0x000005cf       0x31 Libraries\STM32F10x_StdPeriph_Driver\src\stm32f10x_bkp.o
 .ARM.attributes
                0x00000600       0x31 Libraries\STM32F10x_StdPeriph_Driver\src\stm32f10x_adc.o
 .ARM.attributes
                0x00000631       0x31 Libraries\STM32F10x_StdPeriph_Driver\src\misc.o
 .ARM.attributes
                0x00000662       0x21 Libraries\CMSIS\CM3\DeviceSupport\ST\STM32F10x\startup\TrueSTUDIO\startup_stm32f10x_ld.o
 .ARM.attributes
                0x00000683       0x31 Libraries\CMSIS\CM3\CoreSupport\core_cm3.o
 .ARM.attributes
                0x000006b4       0x29 c:/program files/atollic/truestudio stm32 lite 2.0.1/armtools/bin/../lib/gcc/arm-atollic-eabi/4.5.1/../../../../arm-atollic-eabi/lib/thumb/thumb2\libc.a(lib_a-init.o)
 .ARM.attributes
                0x000006dd       0x29 c:/program files/atollic/truestudio stm32 lite 2.0.1/armtools/bin/../lib/gcc/arm-atollic-eabi/4.5.1/thumb/thumb2/crtend.o
 .ARM.attributes
                0x00000706       0x19 c:/program files/atollic/truestudio stm32 lite 2.0.1/armtools/bin/../lib/gcc/arm-atollic-eabi/4.5.1/thumb/thumb2/crtn.o
OUTPUT(STM32F103C6_CAN2.elf elf32-littlearm)

.debug_line     0x00000000     0x71ea
 .debug_line    0x00000000       0x6d c:/program files/atollic/truestudio stm32 lite 2.0.1/armtools/bin/../lib/gcc/arm-atollic-eabi/4.5.1/thumb/thumb2/crti.o
 .debug_line    0x0000006d      0x237 src\uart.o
 .debug_line    0x000002a4      0x25b src\system_stm32f10x.o
 .debug_line    0x000004ff      0x28d src\stm32f10x_it.o
 .debug_line    0x0000078c      0x252 src\printf.o
 .debug_line    0x000009de      0x44a src\main.o
 .debug_line    0x00000e28       0x1d src\debug.o
 .debug_line    0x00000e45      0x23a src\board_canall_v2.o
 .debug_line    0x0000107f        0x0 src\FSM.o
 .debug_line    0x0000107f      0x2b4 src\CAN1.o
 .debug_line    0x00001333      0x257 Libraries\STM32F10x_StdPeriph_Driver\src\stm32f10x_wwdg.o
 .debug_line    0x0000158a      0x4dd Libraries\STM32F10x_StdPeriph_Driver\src\stm32f10x_usart.o
 .debug_line    0x00001a67      0xad7 Libraries\STM32F10x_StdPeriph_Driver\src\stm32f10x_tim.o
 .debug_line    0x0000253e      0x464 Libraries\STM32F10x_StdPeriph_Driver\src\stm32f10x_spi.o
 .debug_line    0x000029a2      0x48d Libraries\STM32F10x_StdPeriph_Driver\src\stm32f10x_sdio.o
 .debug_line    0x00002e2f      0x2ed Libraries\STM32F10x_StdPeriph_Driver\src\stm32f10x_rtc.o
 .debug_line    0x0000311c      0x508 Libraries\STM32F10x_StdPeriph_Driver\src\stm32f10x_rcc.o
 .debug_line    0x00003624      0x2aa Libraries\STM32F10x_StdPeriph_Driver\src\stm32f10x_pwr.o
 .debug_line    0x000038ce      0x230 Libraries\STM32F10x_StdPeriph_Driver\src\stm32f10x_iwdg.o
 .debug_line    0x00003afe      0x505 Libraries\STM32F10x_StdPeriph_Driver\src\stm32f10x_i2c.o
 .debug_line    0x00004003      0x3f1 Libraries\STM32F10x_StdPeriph_Driver\src\stm32f10x_gpio.o
 .debug_line    0x000043f4      0x4a2 Libraries\STM32F10x_StdPeriph_Driver\src\stm32f10x_fsmc.o
 .debug_line    0x00004896      0x51c Libraries\STM32F10x_StdPeriph_Driver\src\stm32f10x_flash.o
 .debug_line    0x00004db2      0x2ea Libraries\STM32F10x_StdPeriph_Driver\src\stm32f10x_exti.o
 .debug_line    0x0000509c      0x345 Libraries\STM32F10x_StdPeriph_Driver\src\stm32f10x_dma.o
 .debug_line    0x000053e1      0x1fa Libraries\STM32F10x_StdPeriph_Driver\src\stm32f10x_dbgmcu.o
 .debug_line    0x000055db      0x332 Libraries\STM32F10x_StdPeriph_Driver\src\stm32f10x_dac.o
 .debug_line    0x0000590d      0x23f Libraries\STM32F10x_StdPeriph_Driver\src\stm32f10x_crc.o
 .debug_line    0x00005b4c      0x355 Libraries\STM32F10x_StdPeriph_Driver\src\stm32f10x_cec.o
 .debug_line    0x00005ea1      0x504 Libraries\STM32F10x_StdPeriph_Driver\src\stm32f10x_can.o
 .debug_line    0x000063a5      0x2a6 Libraries\STM32F10x_StdPeriph_Driver\src\stm32f10x_bkp.o
 .debug_line    0x0000664b      0x565 Libraries\STM32F10x_StdPeriph_Driver\src\stm32f10x_adc.o
 .debug_line    0x00006bb0      0x286 Libraries\STM32F10x_StdPeriph_Driver\src\misc.o
 .debug_line    0x00006e36       0xb1 Libraries\CMSIS\CM3\DeviceSupport\ST\STM32F10x\startup\TrueSTUDIO\startup_stm32f10x_ld.o
 .debug_line    0x00006ee7      0x293 Libraries\CMSIS\CM3\CoreSupport\core_cm3.o
 .debug_line    0x0000717a       0x70 c:/program files/atollic/truestudio stm32 lite 2.0.1/armtools/bin/../lib/gcc/arm-atollic-eabi/4.5.1/thumb/thumb2/crtn.o

.debug_info     0x00000000     0xd87c
 .debug_info    0x00000000       0x7f c:/program files/atollic/truestudio stm32 lite 2.0.1/armtools/bin/../lib/gcc/arm-atollic-eabi/4.5.1/thumb/thumb2/crti.o
 .debug_info    0x0000007f      0x373 src\uart.o
 .debug_info    0x000003f2      0x4a0 src\system_stm32f10x.o
 .debug_info    0x00000892      0x265 src\stm32f10x_it.o
 .debug_info    0x00000af7      0x424 src\printf.o
 .debug_info    0x00000f1b      0xa91 src\main.o
 .debug_info    0x000019ac       0x73 src\debug.o
 .debug_info    0x00001a1f      0x212 src\board_canall_v2.o
 .debug_info    0x00001c31        0x0 src\FSM.o
 .debug_info    0x00001c31      0x774 src\CAN1.o
 .debug_info    0x000023a5      0x239 Libraries\STM32F10x_StdPeriph_Driver\src\stm32f10x_wwdg.o
 .debug_info    0x000025de      0xa70 Libraries\STM32F10x_StdPeriph_Driver\src\stm32f10x_usart.o
 .debug_info    0x0000304e     0x1e1c Libraries\STM32F10x_StdPeriph_Driver\src\stm32f10x_tim.o
 .debug_info    0x00004e6a      0x975 Libraries\STM32F10x_StdPeriph_Driver\src\stm32f10x_spi.o
 .debug_info    0x000057df      0x893 Libraries\STM32F10x_StdPeriph_Driver\src\stm32f10x_sdio.o
 .debug_info    0x00006072      0x46e Libraries\STM32F10x_StdPeriph_Driver\src\stm32f10x_rtc.o
 .debug_info    0x000064e0      0x905 Libraries\STM32F10x_StdPeriph_Driver\src\stm32f10x_rcc.o
 .debug_info    0x00006de5      0x45f Libraries\STM32F10x_StdPeriph_Driver\src\stm32f10x_pwr.o
 .debug_info    0x00007244      0x204 Libraries\STM32F10x_StdPeriph_Driver\src\stm32f10x_iwdg.o
 .debug_info    0x00007448      0xb5f Libraries\STM32F10x_StdPeriph_Driver\src\stm32f10x_i2c.o
 .debug_info    0x00007fa7      0x727 Libraries\STM32F10x_StdPeriph_Driver\src\stm32f10x_gpio.o
 .debug_info    0x000086ce      0x99d Libraries\STM32F10x_StdPeriph_Driver\src\stm32f10x_fsmc.o
 .debug_info    0x0000906b      0x81c Libraries\STM32F10x_StdPeriph_Driver\src\stm32f10x_flash.o
 .debug_info    0x00009887      0x365 Libraries\STM32F10x_StdPeriph_Driver\src\stm32f10x_exti.o
 .debug_info    0x00009bec      0x4a6 Libraries\STM32F10x_StdPeriph_Driver\src\stm32f10x_dma.o
 .debug_info    0x0000a092      0x15e Libraries\STM32F10x_StdPeriph_Driver\src\stm32f10x_dbgmcu.o
 .debug_info    0x0000a1f0      0x4dc Libraries\STM32F10x_StdPeriph_Driver\src\stm32f10x_dac.o
 .debug_info    0x0000a6cc      0x204 Libraries\STM32F10x_StdPeriph_Driver\src\stm32f10x_crc.o
 .debug_info    0x0000a8d0      0x440 Libraries\STM32F10x_StdPeriph_Driver\src\stm32f10x_cec.o
 .debug_info    0x0000ad10      0xb10 Libraries\STM32F10x_StdPeriph_Driver\src\stm32f10x_can.o
 .debug_info    0x0000b820      0x87d Libraries\STM32F10x_StdPeriph_Driver\src\stm32f10x_bkp.o
 .debug_info    0x0000c09d      0xc12 Libraries\STM32F10x_StdPeriph_Driver\src\stm32f10x_adc.o
 .debug_info    0x0000ccaf      0x54a Libraries\STM32F10x_StdPeriph_Driver\src\misc.o
 .debug_info    0x0000d1f9       0xb8 Libraries\CMSIS\CM3\DeviceSupport\ST\STM32F10x\startup\TrueSTUDIO\startup_stm32f10x_ld.o
 .debug_info    0x0000d2b1      0x54c Libraries\CMSIS\CM3\CoreSupport\core_cm3.o
 .debug_info    0x0000d7fd       0x7f c:/program files/atollic/truestudio stm32 lite 2.0.1/armtools/bin/../lib/gcc/arm-atollic-eabi/4.5.1/thumb/thumb2/crtn.o

.debug_abbrev   0x00000000     0x2991
 .debug_abbrev  0x00000000       0x12 c:/program files/atollic/truestudio stm32 lite 2.0.1/armtools/bin/../lib/gcc/arm-atollic-eabi/4.5.1/thumb/thumb2/crti.o
 .debug_abbrev  0x00000012       0xee src\uart.o
 .debug_abbrev  0x00000100      0x18f src\system_stm32f10x.o
 .debug_abbrev  0x0000028f       0xaf src\stm32f10x_it.o
 .debug_abbrev  0x0000033e      0x13d src\printf.o
 .debug_abbrev  0x0000047b      0x20f src\main.o
 .debug_abbrev  0x0000068a       0x2a src\debug.o
 .debug_abbrev  0x000006b4       0xee src\board_canall_v2.o
 .debug_abbrev  0x000007a2        0x1 src\FSM.o
 .debug_abbrev  0x000007a3      0x19b src\CAN1.o
 .debug_abbrev  0x0000093e       0xfa Libraries\STM32F10x_StdPeriph_Driver\src\stm32f10x_wwdg.o
 .debug_abbrev  0x00000a38      0x15d Libraries\STM32F10x_StdPeriph_Driver\src\stm32f10x_usart.o
 .debug_abbrev  0x00000b95      0x174 Libraries\STM32F10x_StdPeriph_Driver\src\stm32f10x_tim.o
 .debug_abbrev  0x00000d09      0x15f Libraries\STM32F10x_StdPeriph_Driver\src\stm32f10x_spi.o
 .debug_abbrev  0x00000e68      0x1a4 Libraries\STM32F10x_StdPeriph_Driver\src\stm32f10x_sdio.o
 .debug_abbrev  0x0000100c      0x168 Libraries\STM32F10x_StdPeriph_Driver\src\stm32f10x_rtc.o
 .debug_abbrev  0x00001174      0x193 Libraries\STM32F10x_StdPeriph_Driver\src\stm32f10x_rcc.o
 .debug_abbrev  0x00001307      0x186 Libraries\STM32F10x_StdPeriph_Driver\src\stm32f10x_pwr.o
 .debug_abbrev  0x0000148d       0xfc Libraries\STM32F10x_StdPeriph_Driver\src\stm32f10x_iwdg.o
 .debug_abbrev  0x00001589      0x15f Libraries\STM32F10x_StdPeriph_Driver\src\stm32f10x_i2c.o
 .debug_abbrev  0x000016e8      0x1a6 Libraries\STM32F10x_StdPeriph_Driver\src\stm32f10x_gpio.o
 .debug_abbrev  0x0000188e      0x168 Libraries\STM32F10x_StdPeriph_Driver\src\stm32f10x_fsmc.o
 .debug_abbrev  0x000019f6      0x173 Libraries\STM32F10x_StdPeriph_Driver\src\stm32f10x_flash.o
 .debug_abbrev  0x00001b69      0x14c Libraries\STM32F10x_StdPeriph_Driver\src\stm32f10x_exti.o
 .debug_abbrev  0x00001cb5      0x150 Libraries\STM32F10x_StdPeriph_Driver\src\stm32f10x_dma.o
 .debug_abbrev  0x00001e05       0xdc Libraries\STM32F10x_StdPeriph_Driver\src\stm32f10x_dbgmcu.o
 .debug_abbrev  0x00001ee1      0x16b Libraries\STM32F10x_StdPeriph_Driver\src\stm32f10x_dac.o
 .debug_abbrev  0x0000204c      0x10c Libraries\STM32F10x_StdPeriph_Driver\src\stm32f10x_crc.o
 .debug_abbrev  0x00002158      0x18b Libraries\STM32F10x_StdPeriph_Driver\src\stm32f10x_cec.o
 .debug_abbrev  0x000022e3      0x1ae Libraries\STM32F10x_StdPeriph_Driver\src\stm32f10x_can.o
 .debug_abbrev  0x00002491      0x158 Libraries\STM32F10x_StdPeriph_Driver\src\stm32f10x_bkp.o
 .debug_abbrev  0x000025e9      0x176 Libraries\STM32F10x_StdPeriph_Driver\src\stm32f10x_adc.o
 .debug_abbrev  0x0000275f      0x137 Libraries\STM32F10x_StdPeriph_Driver\src\misc.o
 .debug_abbrev  0x00002896       0x12 Libraries\CMSIS\CM3\DeviceSupport\ST\STM32F10x\startup\TrueSTUDIO\startup_stm32f10x_ld.o
 .debug_abbrev  0x000028a8       0xd7 Libraries\CMSIS\CM3\CoreSupport\core_cm3.o
 .debug_abbrev  0x0000297f       0x12 c:/program files/atollic/truestudio stm32 lite 2.0.1/armtools/bin/../lib/gcc/arm-atollic-eabi/4.5.1/thumb/thumb2/crtn.o

.debug_aranges  0x00000000     0x1408
 .debug_aranges
                0x00000000       0x28 c:/program files/atollic/truestudio stm32 lite 2.0.1/armtools/bin/../lib/gcc/arm-atollic-eabi/4.5.1/thumb/thumb2/crti.o
 .debug_aranges
                0x00000028       0x20 src\uart.o
 .debug_aranges
                0x00000048       0x38 src\system_stm32f10x.o
 .debug_aranges
                0x00000080       0x68 src\stm32f10x_it.o
 .debug_aranges
                0x000000e8       0x68 src\printf.o
 .debug_aranges
                0x00000150       0x78 src\main.o
 .debug_aranges
                0x000001c8       0x20 src\board_canall_v2.o
 .debug_aranges
                0x000001e8       0x40 src\CAN1.o
 .debug_aranges
                0x00000228       0x58 Libraries\STM32F10x_StdPeriph_Driver\src\stm32f10x_wwdg.o
 .debug_aranges
                0x00000280      0x100 Libraries\STM32F10x_StdPeriph_Driver\src\stm32f10x_usart.o
 .debug_aranges
                0x00000380      0x2f0 Libraries\STM32F10x_StdPeriph_Driver\src\stm32f10x_tim.o
 .debug_aranges
                0x00000670       0xd0 Libraries\STM32F10x_StdPeriph_Driver\src\stm32f10x_spi.o
 .debug_aranges
                0x00000740      0x108 Libraries\STM32F10x_StdPeriph_Driver\src\stm32f10x_sdio.o
 .debug_aranges
                0x00000848       0x88 Libraries\STM32F10x_StdPeriph_Driver\src\stm32f10x_rtc.o
 .debug_aranges
                0x000008d0      0x118 Libraries\STM32F10x_StdPeriph_Driver\src\stm32f10x_rcc.o
 .debug_aranges
                0x000009e8       0x70 Libraries\STM32F10x_StdPeriph_Driver\src\stm32f10x_pwr.o
 .debug_aranges
                0x00000a58       0x48 Libraries\STM32F10x_StdPeriph_Driver\src\stm32f10x_iwdg.o
 .debug_aranges
                0x00000aa0      0x118 Libraries\STM32F10x_StdPeriph_Driver\src\stm32f10x_i2c.o
 .debug_aranges
                0x00000bb8       0xa8 Libraries\STM32F10x_StdPeriph_Driver\src\stm32f10x_gpio.o
 .debug_aranges
                0x00000c60       0xb0 Libraries\STM32F10x_StdPeriph_Driver\src\stm32f10x_fsmc.o
 .debug_aranges
                0x00000d10       0xf8 Libraries\STM32F10x_StdPeriph_Driver\src\stm32f10x_flash.o
 .debug_aranges
                0x00000e08       0x58 Libraries\STM32F10x_StdPeriph_Driver\src\stm32f10x_exti.o
 .debug_aranges
                0x00000e60       0x70 Libraries\STM32F10x_StdPeriph_Driver\src\stm32f10x_dma.o
 .debug_aranges
                0x00000ed0       0x30 Libraries\STM32F10x_StdPeriph_Driver\src\stm32f10x_dbgmcu.o
 .debug_aranges
                0x00000f00       0x78 Libraries\STM32F10x_StdPeriph_Driver\src\stm32f10x_dac.o
 .debug_aranges
                0x00000f78       0x48 Libraries\STM32F10x_StdPeriph_Driver\src\stm32f10x_crc.o
 .debug_aranges
                0x00000fc0       0x88 Libraries\STM32F10x_StdPeriph_Driver\src\stm32f10x_cec.o
 .debug_aranges
                0x00001048       0xb8 Libraries\STM32F10x_StdPeriph_Driver\src\stm32f10x_can.o
 .debug_aranges
                0x00001100       0x78 Libraries\STM32F10x_StdPeriph_Driver\src\stm32f10x_bkp.o
 .debug_aranges
                0x00001178      0x138 Libraries\STM32F10x_StdPeriph_Driver\src\stm32f10x_adc.o
 .debug_aranges
                0x000012b0       0x40 Libraries\STM32F10x_StdPeriph_Driver\src\misc.o
 .debug_aranges
                0x000012f0       0x28 Libraries\CMSIS\CM3\DeviceSupport\ST\STM32F10x\startup\TrueSTUDIO\startup_stm32f10x_ld.o
 .debug_aranges
                0x00001318       0xc8 Libraries\CMSIS\CM3\CoreSupport\core_cm3.o
 .debug_aranges
                0x000013e0       0x28 c:/program files/atollic/truestudio stm32 lite 2.0.1/armtools/bin/../lib/gcc/arm-atollic-eabi/4.5.1/thumb/thumb2/crtn.o

.debug_ranges   0x00000000     0x1218
 .debug_ranges  0x00000000       0x20 c:/program files/atollic/truestudio stm32 lite 2.0.1/armtools/bin/../lib/gcc/arm-atollic-eabi/4.5.1/thumb/thumb2/crti.o
 .debug_ranges  0x00000020       0x10 src\uart.o
 .debug_ranges  0x00000030       0x28 src\system_stm32f10x.o
 .debug_ranges  0x00000058       0x58 src\stm32f10x_it.o
 .debug_ranges  0x000000b0       0x70 src\printf.o
 .debug_ranges  0x00000120       0x68 src\main.o
 .debug_ranges  0x00000188       0x10 src\board_canall_v2.o
 .debug_ranges  0x00000198       0x30 src\CAN1.o
 .debug_ranges  0x000001c8       0x48 Libraries\STM32F10x_StdPeriph_Driver\src\stm32f10x_wwdg.o
 .debug_ranges  0x00000210       0xf0 Libraries\STM32F10x_StdPeriph_Driver\src\stm32f10x_usart.o
 .debug_ranges  0x00000300      0x2e0 Libraries\STM32F10x_StdPeriph_Driver\src\stm32f10x_tim.o
 .debug_ranges  0x000005e0       0xc0 Libraries\STM32F10x_StdPeriph_Driver\src\stm32f10x_spi.o
 .debug_ranges  0x000006a0       0xf8 Libraries\STM32F10x_StdPeriph_Driver\src\stm32f10x_sdio.o
 .debug_ranges  0x00000798       0x78 Libraries\STM32F10x_StdPeriph_Driver\src\stm32f10x_rtc.o
 .debug_ranges  0x00000810      0x108 Libraries\STM32F10x_StdPeriph_Driver\src\stm32f10x_rcc.o
 .debug_ranges  0x00000918       0x60 Libraries\STM32F10x_StdPeriph_Driver\src\stm32f10x_pwr.o
 .debug_ranges  0x00000978       0x38 Libraries\STM32F10x_StdPeriph_Driver\src\stm32f10x_iwdg.o
 .debug_ranges  0x000009b0      0x108 Libraries\STM32F10x_StdPeriph_Driver\src\stm32f10x_i2c.o
 .debug_ranges  0x00000ab8       0x98 Libraries\STM32F10x_StdPeriph_Driver\src\stm32f10x_gpio.o
 .debug_ranges  0x00000b50       0xa0 Libraries\STM32F10x_StdPeriph_Driver\src\stm32f10x_fsmc.o
 .debug_ranges  0x00000bf0       0xe8 Libraries\STM32F10x_StdPeriph_Driver\src\stm32f10x_flash.o
 .debug_ranges  0x00000cd8       0x48 Libraries\STM32F10x_StdPeriph_Driver\src\stm32f10x_exti.o
 .debug_ranges  0x00000d20       0x60 Libraries\STM32F10x_StdPeriph_Driver\src\stm32f10x_dma.o
 .debug_ranges  0x00000d80       0x20 Libraries\STM32F10x_StdPeriph_Driver\src\stm32f10x_dbgmcu.o
 .debug_ranges  0x00000da0       0x68 Libraries\STM32F10x_StdPeriph_Driver\src\stm32f10x_dac.o
 .debug_ranges  0x00000e08       0x38 Libraries\STM32F10x_StdPeriph_Driver\src\stm32f10x_crc.o
 .debug_ranges  0x00000e40       0x78 Libraries\STM32F10x_StdPeriph_Driver\src\stm32f10x_cec.o
 .debug_ranges  0x00000eb8       0xa8 Libraries\STM32F10x_StdPeriph_Driver\src\stm32f10x_can.o
 .debug_ranges  0x00000f60       0x68 Libraries\STM32F10x_StdPeriph_Driver\src\stm32f10x_bkp.o
 .debug_ranges  0x00000fc8      0x128 Libraries\STM32F10x_StdPeriph_Driver\src\stm32f10x_adc.o
 .debug_ranges  0x000010f0       0x30 Libraries\STM32F10x_StdPeriph_Driver\src\misc.o
 .debug_ranges  0x00001120       0x20 Libraries\CMSIS\CM3\DeviceSupport\ST\STM32F10x\startup\TrueSTUDIO\startup_stm32f10x_ld.o
 .debug_ranges  0x00001140       0xb8 Libraries\CMSIS\CM3\CoreSupport\core_cm3.o
 .debug_ranges  0x000011f8       0x20 c:/program files/atollic/truestudio stm32 lite 2.0.1/armtools/bin/../lib/gcc/arm-atollic-eabi/4.5.1/thumb/thumb2/crtn.o

.comment        0x00000000       0xc3
 .comment       0x00000000       0x61 c:/program files/atollic/truestudio stm32 lite 2.0.1/armtools/bin/../lib/gcc/arm-atollic-eabi/4.5.1/thumb/thumb2/crtbegin.o
                                 0x62 (size before relaxing)
 .comment       0x00000061       0x62 src\uart.o
                                 0x63 (size before relaxing)
 .comment       0x00000000       0x63 src\system_stm32f10x.o
 .comment       0x00000000       0x63 src\stm32f10x_it.o
 .comment       0x00000000       0x63 src\printf.o
 .comment       0x00000000       0x63 src\main.o
 .comment       0x00000000       0x63 src\debug.o
 .comment       0x00000000       0x63 src\board_canall_v2.o
 .comment       0x00000000       0x63 src\FSM.o
 .comment       0x00000000       0x63 src\CAN1.o
 .comment       0x00000000       0x63 Libraries\STM32F10x_StdPeriph_Driver\src\stm32f10x_wwdg.o
 .comment       0x00000000       0x63 Libraries\STM32F10x_StdPeriph_Driver\src\stm32f10x_usart.o
 .comment       0x00000000       0x63 Libraries\STM32F10x_StdPeriph_Driver\src\stm32f10x_tim.o
 .comment       0x00000000       0x63 Libraries\STM32F10x_StdPeriph_Driver\src\stm32f10x_spi.o
 .comment       0x00000000       0x63 Libraries\STM32F10x_StdPeriph_Driver\src\stm32f10x_sdio.o
 .comment       0x00000000       0x63 Libraries\STM32F10x_StdPeriph_Driver\src\stm32f10x_rtc.o
 .comment       0x00000000       0x63 Libraries\STM32F10x_StdPeriph_Driver\src\stm32f10x_rcc.o
 .comment       0x00000000       0x63 Libraries\STM32F10x_StdPeriph_Driver\src\stm32f10x_pwr.o
 .comment       0x00000000       0x63 Libraries\STM32F10x_StdPeriph_Driver\src\stm32f10x_iwdg.o
 .comment       0x00000000       0x63 Libraries\STM32F10x_StdPeriph_Driver\src\stm32f10x_i2c.o
 .comment       0x00000000       0x63 Libraries\STM32F10x_StdPeriph_Driver\src\stm32f10x_gpio.o
 .comment       0x00000000       0x63 Libraries\STM32F10x_StdPeriph_Driver\src\stm32f10x_fsmc.o
 .comment       0x00000000       0x63 Libraries\STM32F10x_StdPeriph_Driver\src\stm32f10x_flash.o
 .comment       0x00000000       0x63 Libraries\STM32F10x_StdPeriph_Driver\src\stm32f10x_exti.o
 .comment       0x00000000       0x63 Libraries\STM32F10x_StdPeriph_Driver\src\stm32f10x_dma.o
 .comment       0x00000000       0x63 Libraries\STM32F10x_StdPeriph_Driver\src\stm32f10x_dbgmcu.o
 .comment       0x00000000       0x63 Libraries\STM32F10x_StdPeriph_Driver\src\stm32f10x_dac.o
 .comment       0x00000000       0x63 Libraries\STM32F10x_StdPeriph_Driver\src\stm32f10x_crc.o
 .comment       0x00000000       0x63 Libraries\STM32F10x_StdPeriph_Driver\src\stm32f10x_cec.o
 .comment       0x00000000       0x63 Libraries\STM32F10x_StdPeriph_Driver\src\stm32f10x_can.o
 .comment       0x00000000       0x63 Libraries\STM32F10x_StdPeriph_Driver\src\stm32f10x_bkp.o
 .comment       0x00000000       0x63 Libraries\STM32F10x_StdPeriph_Driver\src\stm32f10x_adc.o
 .comment       0x00000000       0x63 Libraries\STM32F10x_StdPeriph_Driver\src\misc.o
 .comment       0x00000000       0x63 Libraries\CMSIS\CM3\CoreSupport\core_cm3.o
 .comment       0x00000000       0x62 c:/program files/atollic/truestudio stm32 lite 2.0.1/armtools/bin/../lib/gcc/arm-atollic-eabi/4.5.1/../../../../arm-atollic-eabi/lib/thumb/thumb2\libc.a(lib_a-init.o)
 .comment       0x00000000       0x62 c:/program files/atollic/truestudio stm32 lite 2.0.1/armtools/bin/../lib/gcc/arm-atollic-eabi/4.5.1/thumb/thumb2/crtend.o

.debug_loc      0x00000000     0x70dc
 .debug_loc     0x00000000       0x38 src\uart.o
 .debug_loc     0x00000038       0xc8 src\system_stm32f10x.o
 .debug_loc     0x00000100      0x1b8 src\stm32f10x_it.o
 .debug_loc     0x000002b8      0x248 src\printf.o
 .debug_loc     0x00000500      0x288 src\main.o
 .debug_loc     0x00000788       0x38 src\board_canall_v2.o
 .debug_loc     0x000007c0      0x100 src\CAN1.o
 .debug_loc     0x000008c0      0x190 Libraries\STM32F10x_StdPeriph_Driver\src\stm32f10x_wwdg.o
 .debug_loc     0x00000a50      0x658 Libraries\STM32F10x_StdPeriph_Driver\src\stm32f10x_usart.o
 .debug_loc     0x000010a8     0x13e8 Libraries\STM32F10x_StdPeriph_Driver\src\stm32f10x_tim.o
 .debug_loc     0x00002490      0x508 Libraries\STM32F10x_StdPeriph_Driver\src\stm32f10x_spi.o
 .debug_loc     0x00002998      0x648 Libraries\STM32F10x_StdPeriph_Driver\src\stm32f10x_sdio.o
 .debug_loc     0x00002fe0      0x2e0 Libraries\STM32F10x_StdPeriph_Driver\src\stm32f10x_rtc.o
 .debug_loc     0x000032c0      0x6dc Libraries\STM32F10x_StdPeriph_Driver\src\stm32f10x_rcc.o
 .debug_loc     0x0000399c      0x238 Libraries\STM32F10x_StdPeriph_Driver\src\stm32f10x_pwr.o
 .debug_loc     0x00003bd4      0x138 Libraries\STM32F10x_StdPeriph_Driver\src\stm32f10x_iwdg.o
 .debug_loc     0x00003d0c      0x700 Libraries\STM32F10x_StdPeriph_Driver\src\stm32f10x_i2c.o
 .debug_loc     0x0000440c      0x3e4 Libraries\STM32F10x_StdPeriph_Driver\src\stm32f10x_gpio.o
 .debug_loc     0x000047f0      0x41c Libraries\STM32F10x_StdPeriph_Driver\src\stm32f10x_fsmc.o
 .debug_loc     0x00004c0c      0x5d8 Libraries\STM32F10x_StdPeriph_Driver\src\stm32f10x_flash.o
 .debug_loc     0x000051e4      0x1b4 Libraries\STM32F10x_StdPeriph_Driver\src\stm32f10x_exti.o
 .debug_loc     0x00005398      0x268 Libraries\STM32F10x_StdPeriph_Driver\src\stm32f10x_dma.o
 .debug_loc     0x00005600       0x90 Libraries\STM32F10x_StdPeriph_Driver\src\stm32f10x_dbgmcu.o
 .debug_loc     0x00005690      0x294 Libraries\STM32F10x_StdPeriph_Driver\src\stm32f10x_dac.o
 .debug_loc     0x00005924      0x12c Libraries\STM32F10x_StdPeriph_Driver\src\stm32f10x_crc.o
 .debug_loc     0x00005a50      0x2ec Libraries\STM32F10x_StdPeriph_Driver\src\stm32f10x_cec.o
 .debug_loc     0x00005d3c      0x460 Libraries\STM32F10x_StdPeriph_Driver\src\stm32f10x_can.o
 .debug_loc     0x0000619c      0x264 Libraries\STM32F10x_StdPeriph_Driver\src\stm32f10x_bkp.o
 .debug_loc     0x00006400      0x7d4 Libraries\STM32F10x_StdPeriph_Driver\src\stm32f10x_adc.o
 .debug_loc     0x00006bd4      0x118 Libraries\STM32F10x_StdPeriph_Driver\src\misc.o
 .debug_loc     0x00006cec      0x3f0 Libraries\CMSIS\CM3\CoreSupport\core_cm3.o

.debug_pubnames
                0x00000000     0x2ef6
 .debug_pubnames
                0x00000000       0x26 src\uart.o
 .debug_pubnames
                0x00000026       0x61 src\system_stm32f10x.o
 .debug_pubnames
                0x00000087       0xe5 src\stm32f10x_it.o
 .debug_pubnames
                0x0000016c       0x50 src\printf.o
 .debug_pubnames
                0x000001bc      0x15a src\main.o
 .debug_pubnames
                0x00000316       0x26 src\board_canall_v2.o
 .debug_pubnames
                0x0000033c       0xb2 src\CAN1.o
 .debug_pubnames
                0x000003ee       0xb0 Libraries\STM32F10x_StdPeriph_Driver\src\stm32f10x_wwdg.o
 .debug_pubnames
                0x0000049e      0x294 Libraries\STM32F10x_StdPeriph_Driver\src\stm32f10x_usart.o
 .debug_pubnames
                0x00000732      0x7b0 Libraries\STM32F10x_StdPeriph_Driver\src\stm32f10x_tim.o
 .debug_pubnames
                0x00000ee2      0x1f6 Libraries\STM32F10x_StdPeriph_Driver\src\stm32f10x_spi.o
 .debug_pubnames
                0x000010d8      0x2ac Libraries\STM32F10x_StdPeriph_Driver\src\stm32f10x_sdio.o
 .debug_pubnames
                0x00001384      0x136 Libraries\STM32F10x_StdPeriph_Driver\src\stm32f10x_rtc.o
 .debug_pubnames
                0x000014ba      0x2c4 Libraries\STM32F10x_StdPeriph_Driver\src\stm32f10x_rcc.o
 .debug_pubnames
                0x0000177e       0xcb Libraries\STM32F10x_StdPeriph_Driver\src\stm32f10x_pwr.o
 .debug_pubnames
                0x00001849       0x91 Libraries\STM32F10x_StdPeriph_Driver\src\stm32f10x_iwdg.o
 .debug_pubnames
                0x000018da      0x2b0 Libraries\STM32F10x_StdPeriph_Driver\src\stm32f10x_i2c.o
 .debug_pubnames
                0x00001b8a      0x19d Libraries\STM32F10x_StdPeriph_Driver\src\stm32f10x_gpio.o
 .debug_pubnames
                0x00001d27      0x1a3 Libraries\STM32F10x_StdPeriph_Driver\src\stm32f10x_fsmc.o
 .debug_pubnames
                0x00001eca      0x2f2 Libraries\STM32F10x_StdPeriph_Driver\src\stm32f10x_flash.o
 .debug_pubnames
                0x000021bc       0xbb Libraries\STM32F10x_StdPeriph_Driver\src\stm32f10x_exti.o
 .debug_pubnames
                0x00002277       0xea Libraries\STM32F10x_StdPeriph_Driver\src\stm32f10x_dma.o
 .debug_pubnames
                0x00002361       0x4c Libraries\STM32F10x_StdPeriph_Driver\src\stm32f10x_dbgmcu.o
 .debug_pubnames
                0x000023ad      0x116 Libraries\STM32F10x_StdPeriph_Driver\src\stm32f10x_dac.o
 .debug_pubnames
                0x000024c3       0x82 Libraries\STM32F10x_StdPeriph_Driver\src\stm32f10x_crc.o
 .debug_pubnames
                0x00002545      0x12b Libraries\STM32F10x_StdPeriph_Driver\src\stm32f10x_cec.o
 .debug_pubnames
                0x00002670      0x17b Libraries\STM32F10x_StdPeriph_Driver\src\stm32f10x_can.o
 .debug_pubnames
                0x000027eb      0x128 Libraries\STM32F10x_StdPeriph_Driver\src\stm32f10x_bkp.o
 .debug_pubnames
                0x00002913      0x401 Libraries\STM32F10x_StdPeriph_Driver\src\stm32f10x_adc.o
 .debug_pubnames
                0x00002d14       0x89 Libraries\STM32F10x_StdPeriph_Driver\src\misc.o
 .debug_pubnames
                0x00002d9d      0x159 Libraries\CMSIS\CM3\CoreSupport\core_cm3.o

.debug_pubtypes
                0x00000000     0x128a
 .debug_pubtypes
                0x00000000       0xa5 src\uart.o
 .debug_pubtypes
                0x000000a5       0x67 src\system_stm32f10x.o
 .debug_pubtypes
                0x0000010c       0x3d src\stm32f10x_it.o
 .debug_pubtypes
                0x00000149       0x49 src\printf.o
 .debug_pubtypes
                0x00000192      0x11f src\main.o
 .debug_pubtypes
                0x000002b1       0x12 src\debug.o
 .debug_pubtypes
                0x000002c3       0x7d src\board_canall_v2.o
 .debug_pubtypes
                0x00000340       0xf9 src\CAN1.o
 .debug_pubtypes
                0x00000439       0x4b Libraries\STM32F10x_StdPeriph_Driver\src\stm32f10x_wwdg.o
 .debug_pubtypes
                0x00000484       0xc9 Libraries\STM32F10x_StdPeriph_Driver\src\stm32f10x_usart.o
 .debug_pubtypes
                0x0000054d       0xd8 Libraries\STM32F10x_StdPeriph_Driver\src\stm32f10x_tim.o
 .debug_pubtypes
                0x00000625       0xb6 Libraries\STM32F10x_StdPeriph_Driver\src\stm32f10x_spi.o
 .debug_pubtypes
                0x000006db       0xb2 Libraries\STM32F10x_StdPeriph_Driver\src\stm32f10x_sdio.o
 .debug_pubtypes
                0x0000078d       0x78 Libraries\STM32F10x_StdPeriph_Driver\src\stm32f10x_rtc.o
 .debug_pubtypes
                0x00000805       0x9e Libraries\STM32F10x_StdPeriph_Driver\src\stm32f10x_rcc.o
 .debug_pubtypes
                0x000008a3       0x78 Libraries\STM32F10x_StdPeriph_Driver\src\stm32f10x_pwr.o
 .debug_pubtypes
                0x0000091b       0x58 Libraries\STM32F10x_StdPeriph_Driver\src\stm32f10x_iwdg.o
 .debug_pubtypes
                0x00000973       0xb2 Libraries\STM32F10x_StdPeriph_Driver\src\stm32f10x_i2c.o
 .debug_pubtypes
                0x00000a25       0xc3 Libraries\STM32F10x_StdPeriph_Driver\src\stm32f10x_gpio.o
 .debug_pubtypes
                0x00000ae8      0x168 Libraries\STM32F10x_StdPeriph_Driver\src\stm32f10x_fsmc.o
 .debug_pubtypes
                0x00000c50       0x8d Libraries\STM32F10x_StdPeriph_Driver\src\stm32f10x_flash.o
 .debug_pubtypes
                0x00000cdd       0xa2 Libraries\STM32F10x_StdPeriph_Driver\src\stm32f10x_exti.o
 .debug_pubtypes
                0x00000d7f       0x98 Libraries\STM32F10x_StdPeriph_Driver\src\stm32f10x_dma.o
 .debug_pubtypes
                0x00000e17       0x46 Libraries\STM32F10x_StdPeriph_Driver\src\stm32f10x_dbgmcu.o
 .debug_pubtypes
                0x00000e5d       0x70 Libraries\STM32F10x_StdPeriph_Driver\src\stm32f10x_dac.o
 .debug_pubtypes
                0x00000ecd       0x48 Libraries\STM32F10x_StdPeriph_Driver\src\stm32f10x_crc.o
 .debug_pubtypes
                0x00000f15       0x8c Libraries\STM32F10x_StdPeriph_Driver\src\stm32f10x_cec.o
 .debug_pubtypes
                0x00000fa1      0x115 Libraries\STM32F10x_StdPeriph_Driver\src\stm32f10x_can.o
 .debug_pubtypes
                0x000010b6       0x78 Libraries\STM32F10x_StdPeriph_Driver\src\stm32f10x_bkp.o
 .debug_pubtypes
                0x0000112e       0x8c Libraries\STM32F10x_StdPeriph_Driver\src\stm32f10x_adc.o
 .debug_pubtypes
                0x000011ba       0x80 Libraries\STM32F10x_StdPeriph_Driver\src\misc.o
 .debug_pubtypes
                0x0000123a       0x50 Libraries\CMSIS\CM3\CoreSupport\core_cm3.o

.debug_str      0x00000000     0x51ba
 .debug_str     0x00000000      0x2ef src\uart.o
                                0x323 (size before relaxing)
 .debug_str     0x000002ef      0x146 src\system_stm32f10x.o
                                0x24a (size before relaxing)
 .debug_str     0x00000435       0xf9 src\stm32f10x_it.o
                                0x1f6 (size before relaxing)
 .debug_str     0x0000052e       0x9d src\printf.o
                                0x109 (size before relaxing)
 .debug_str     0x000005cb      0x4e3 src\main.o
                                0x6a7 (size before relaxing)
 .debug_str     0x00000aae        0xf src\debug.o
                                 0xdb (size before relaxing)
 .debug_str     0x00000abd       0x39 src\board_canall_v2.o
                                0x24b (size before relaxing)
 .debug_str     0x00000af6      0x1b8 src\CAN1.o
                                0x3ed (size before relaxing)
 .debug_str     0x00000cae       0xde Libraries\STM32F10x_StdPeriph_Driver\src\stm32f10x_wwdg.o
                                0x1f7 (size before relaxing)
 .debug_str     0x00000d8c      0x410 Libraries\STM32F10x_StdPeriph_Driver\src\stm32f10x_usart.o
                                0x61f (size before relaxing)
 .debug_str     0x0000119c      0xb8f Libraries\STM32F10x_StdPeriph_Driver\src\stm32f10x_tim.o
                                0xd6c (size before relaxing)
 .debug_str     0x00001d2b      0x37c Libraries\STM32F10x_StdPeriph_Driver\src\stm32f10x_spi.o
                                0x58c (size before relaxing)
 .debug_str     0x000020a7      0x474 Libraries\STM32F10x_StdPeriph_Driver\src\stm32f10x_sdio.o
                                0x5ca (size before relaxing)
 .debug_str     0x0000251b      0x193 Libraries\STM32F10x_StdPeriph_Driver\src\stm32f10x_rtc.o
                                0x331 (size before relaxing)
 .debug_str     0x000026ae      0x375 Libraries\STM32F10x_StdPeriph_Driver\src\stm32f10x_rcc.o
                                0x5a9 (size before relaxing)
 .debug_str     0x00002a23      0x11b Libraries\STM32F10x_StdPeriph_Driver\src\stm32f10x_pwr.o
                                0x2a1 (size before relaxing)
 .debug_str     0x00002b3e       0xdb Libraries\STM32F10x_StdPeriph_Driver\src\stm32f10x_iwdg.o
                                0x1eb (size before relaxing)
 .debug_str     0x00002c19      0x394 Libraries\STM32F10x_StdPeriph_Driver\src\stm32f10x_i2c.o
                                0x5cd (size before relaxing)
 .debug_str     0x00002fad      0x245 Libraries\STM32F10x_StdPeriph_Driver\src\stm32f10x_gpio.o
                                0x4a8 (size before relaxing)
 .debug_str     0x000031f2      0x5c5 Libraries\STM32F10x_StdPeriph_Driver\src\stm32f10x_fsmc.o
                                0x713 (size before relaxing)
 .debug_str     0x000037b7      0x3fc Libraries\STM32F10x_StdPeriph_Driver\src\stm32f10x_flash.o
                                0x577 (size before relaxing)
 .debug_str     0x00003bb3      0x1c0 Libraries\STM32F10x_StdPeriph_Driver\src\stm32f10x_exti.o
                                0x2ed (size before relaxing)
 .debug_str     0x00003d73      0x20e Libraries\STM32F10x_StdPeriph_Driver\src\stm32f10x_dma.o
                                0x347 (size before relaxing)
 .debug_str     0x00003f81       0x91 Libraries\STM32F10x_StdPeriph_Driver\src\stm32f10x_dbgmcu.o
                                0x196 (size before relaxing)
 .debug_str     0x00004012      0x21d Libraries\STM32F10x_StdPeriph_Driver\src\stm32f10x_dac.o
                                0x33e (size before relaxing)
 .debug_str     0x0000422f       0xc3 Libraries\STM32F10x_StdPeriph_Driver\src\stm32f10x_crc.o
                                0x1ca (size before relaxing)
 .debug_str     0x000042f2      0x1ad Libraries\STM32F10x_StdPeriph_Driver\src\stm32f10x_cec.o
                                0x305 (size before relaxing)
 .debug_str     0x0000449f      0x256 Libraries\STM32F10x_StdPeriph_Driver\src\stm32f10x_can.o
                                0x611 (size before relaxing)
 .debug_str     0x000046f5      0x325 Libraries\STM32F10x_StdPeriph_Driver\src\stm32f10x_bkp.o
                                0x544 (size before relaxing)
 .debug_str     0x00004a1a      0x510 Libraries\STM32F10x_StdPeriph_Driver\src\stm32f10x_adc.o
                                0x68a (size before relaxing)
 .debug_str     0x00004f2a      0x130 Libraries\STM32F10x_StdPeriph_Driver\src\misc.o
                                0x352 (size before relaxing)
 .debug_str     0x0000505a      0x160 Libraries\CMSIS\CM3\CoreSupport\core_cm3.o
                                0x258 (size before relaxing)

.debug_frame    0x00000000     0x3c74
 .debug_frame   0x00000000       0x30 src\uart.o
 .debug_frame   0x00000030       0x80 src\system_stm32f10x.o
 .debug_frame   0x000000b0      0x104 src\stm32f10x_it.o
 .debug_frame   0x000001b4      0x150 src\printf.o
 .debug_frame   0x00000304      0x18c src\main.o
 .debug_frame   0x00000490       0x30 src\board_canall_v2.o
 .debug_frame   0x000004c0       0xa4 src\CAN1.o
 .debug_frame   0x00000564       0xe4 Libraries\STM32F10x_StdPeriph_Driver\src\stm32f10x_wwdg.o
 .debug_frame   0x00000648      0x344 Libraries\STM32F10x_StdPeriph_Driver\src\stm32f10x_usart.o
 .debug_frame   0x0000098c      0xa20 Libraries\STM32F10x_StdPeriph_Driver\src\stm32f10x_tim.o
 .debug_frame   0x000013ac      0x29c Libraries\STM32F10x_StdPeriph_Driver\src\stm32f10x_spi.o
 .debug_frame   0x00001648      0x340 Libraries\STM32F10x_StdPeriph_Driver\src\stm32f10x_sdio.o
 .debug_frame   0x00001988      0x194 Libraries\STM32F10x_StdPeriph_Driver\src\stm32f10x_rtc.o
 .debug_frame   0x00001b1c      0x388 Libraries\STM32F10x_StdPeriph_Driver\src\stm32f10x_rcc.o
 .debug_frame   0x00001ea4      0x140 Libraries\STM32F10x_StdPeriph_Driver\src\stm32f10x_pwr.o
 .debug_frame   0x00001fe4       0xb0 Libraries\STM32F10x_StdPeriph_Driver\src\stm32f10x_iwdg.o
 .debug_frame   0x00002094      0x398 Libraries\STM32F10x_StdPeriph_Driver\src\stm32f10x_i2c.o
 .debug_frame   0x0000242c      0x210 Libraries\STM32F10x_StdPeriph_Driver\src\stm32f10x_gpio.o
 .debug_frame   0x0000263c      0x220 Libraries\STM32F10x_StdPeriph_Driver\src\stm32f10x_fsmc.o
 .debug_frame   0x0000285c      0x338 Libraries\STM32F10x_StdPeriph_Driver\src\stm32f10x_flash.o
 .debug_frame   0x00002b94       0xec Libraries\STM32F10x_StdPeriph_Driver\src\stm32f10x_exti.o
 .debug_frame   0x00002c80      0x144 Libraries\STM32F10x_StdPeriph_Driver\src\stm32f10x_dma.o
 .debug_frame   0x00002dc4       0x5c Libraries\STM32F10x_StdPeriph_Driver\src\stm32f10x_dbgmcu.o
 .debug_frame   0x00002e20      0x160 Libraries\STM32F10x_StdPeriph_Driver\src\stm32f10x_dac.o
 .debug_frame   0x00002f80       0xac Libraries\STM32F10x_StdPeriph_Driver\src\stm32f10x_crc.o
 .debug_frame   0x0000302c      0x190 Libraries\STM32F10x_StdPeriph_Driver\src\stm32f10x_cec.o
 .debug_frame   0x000031bc      0x24c Libraries\STM32F10x_StdPeriph_Driver\src\stm32f10x_can.o
 .debug_frame   0x00003408      0x150 Libraries\STM32F10x_StdPeriph_Driver\src\stm32f10x_bkp.o
 .debug_frame   0x00003558      0x400 Libraries\STM32F10x_StdPeriph_Driver\src\stm32f10x_adc.o
 .debug_frame   0x00003958       0x9c Libraries\STM32F10x_StdPeriph_Driver\src\misc.o
 .debug_frame   0x000039f4      0x280 Libraries\CMSIS\CM3\CoreSupport\core_cm3.o

Cross Reference Table

Symbol                                            File
ADC1_2_IRQHandler                                 Libraries\CMSIS\CM3\DeviceSupport\ST\STM32F10x\startup\TrueSTUDIO\startup_stm32f10x_ld.o
ADC_AnalogWatchdogCmd                             Libraries\STM32F10x_StdPeriph_Driver\src\stm32f10x_adc.o
ADC_AnalogWatchdogSingleChannelConfig             Libraries\STM32F10x_StdPeriph_Driver\src\stm32f10x_adc.o
ADC_AnalogWatchdogThresholdsConfig                Libraries\STM32F10x_StdPeriph_Driver\src\stm32f10x_adc.o
ADC_AutoInjectedConvCmd                           Libraries\STM32F10x_StdPeriph_Driver\src\stm32f10x_adc.o
ADC_ClearFlag                                     Libraries\STM32F10x_StdPeriph_Driver\src\stm32f10x_adc.o
ADC_ClearITPendingBit                             Libraries\STM32F10x_StdPeriph_Driver\src\stm32f10x_adc.o
ADC_Cmd                                           Libraries\STM32F10x_StdPeriph_Driver\src\stm32f10x_adc.o
ADC_DMACmd                                        Libraries\STM32F10x_StdPeriph_Driver\src\stm32f10x_adc.o
ADC_DeInit                                        Libraries\STM32F10x_StdPeriph_Driver\src\stm32f10x_adc.o
ADC_DiscModeChannelCountConfig                    Libraries\STM32F10x_StdPeriph_Driver\src\stm32f10x_adc.o
ADC_DiscModeCmd                                   Libraries\STM32F10x_StdPeriph_Driver\src\stm32f10x_adc.o
ADC_ExternalTrigConvCmd                           Libraries\STM32F10x_StdPeriph_Driver\src\stm32f10x_adc.o
ADC_ExternalTrigInjectedConvCmd                   Libraries\STM32F10x_StdPeriph_Driver\src\stm32f10x_adc.o
ADC_ExternalTrigInjectedConvConfig                Libraries\STM32F10x_StdPeriph_Driver\src\stm32f10x_adc.o
ADC_GetCalibrationStatus                          Libraries\STM32F10x_StdPeriph_Driver\src\stm32f10x_adc.o
ADC_GetConversionValue                            Libraries\STM32F10x_StdPeriph_Driver\src\stm32f10x_adc.o
ADC_GetDualModeConversionValue                    Libraries\STM32F10x_StdPeriph_Driver\src\stm32f10x_adc.o
ADC_GetFlagStatus                                 Libraries\STM32F10x_StdPeriph_Driver\src\stm32f10x_adc.o
ADC_GetITStatus                                   Libraries\STM32F10x_StdPeriph_Driver\src\stm32f10x_adc.o
ADC_GetInjectedConversionValue                    Libraries\STM32F10x_StdPeriph_Driver\src\stm32f10x_adc.o
ADC_GetResetCalibrationStatus                     Libraries\STM32F10x_StdPeriph_Driver\src\stm32f10x_adc.o
ADC_GetSoftwareStartConvStatus                    Libraries\STM32F10x_StdPeriph_Driver\src\stm32f10x_adc.o
ADC_GetSoftwareStartInjectedConvCmdStatus         Libraries\STM32F10x_StdPeriph_Driver\src\stm32f10x_adc.o
ADC_ITConfig                                      Libraries\STM32F10x_StdPeriph_Driver\src\stm32f10x_adc.o
ADC_Init                                          Libraries\STM32F10x_StdPeriph_Driver\src\stm32f10x_adc.o
ADC_InjectedChannelConfig                         Libraries\STM32F10x_StdPeriph_Driver\src\stm32f10x_adc.o
ADC_InjectedDiscModeCmd                           Libraries\STM32F10x_StdPeriph_Driver\src\stm32f10x_adc.o
ADC_InjectedSequencerLengthConfig                 Libraries\STM32F10x_StdPeriph_Driver\src\stm32f10x_adc.o
ADC_RegularChannelConfig                          Libraries\STM32F10x_StdPeriph_Driver\src\stm32f10x_adc.o
ADC_ResetCalibration                              Libraries\STM32F10x_StdPeriph_Driver\src\stm32f10x_adc.o
ADC_SetInjectedOffset                             Libraries\STM32F10x_StdPeriph_Driver\src\stm32f10x_adc.o
ADC_SoftwareStartConvCmd                          Libraries\STM32F10x_StdPeriph_Driver\src\stm32f10x_adc.o
ADC_SoftwareStartInjectedConvCmd                  Libraries\STM32F10x_StdPeriph_Driver\src\stm32f10x_adc.o
ADC_StartCalibration                              Libraries\STM32F10x_StdPeriph_Driver\src\stm32f10x_adc.o
ADC_StructInit                                    Libraries\STM32F10x_StdPeriph_Driver\src\stm32f10x_adc.o
ADC_TempSensorVrefintCmd                          Libraries\STM32F10x_StdPeriph_Driver\src\stm32f10x_adc.o
AHBPrescTable                                     src\system_stm32f10x.o
BKP_ClearFlag                                     Libraries\STM32F10x_StdPeriph_Driver\src\stm32f10x_bkp.o
BKP_ClearITPendingBit                             Libraries\STM32F10x_StdPeriph_Driver\src\stm32f10x_bkp.o
BKP_DeInit                                        Libraries\STM32F10x_StdPeriph_Driver\src\stm32f10x_bkp.o
BKP_GetFlagStatus                                 Libraries\STM32F10x_StdPeriph_Driver\src\stm32f10x_bkp.o
BKP_GetITStatus                                   Libraries\STM32F10x_StdPeriph_Driver\src\stm32f10x_bkp.o
BKP_ITConfig                                      Libraries\STM32F10x_StdPeriph_Driver\src\stm32f10x_bkp.o
BKP_RTCOutputConfig                               Libraries\STM32F10x_StdPeriph_Driver\src\stm32f10x_bkp.o
BKP_ReadBackupRegister                            Libraries\STM32F10x_StdPeriph_Driver\src\stm32f10x_bkp.o
BKP_SetRTCCalibrationValue                        Libraries\STM32F10x_StdPeriph_Driver\src\stm32f10x_bkp.o
BKP_TamperPinCmd                                  Libraries\STM32F10x_StdPeriph_Driver\src\stm32f10x_bkp.o
BKP_TamperPinLevelConfig                          Libraries\STM32F10x_StdPeriph_Driver\src\stm32f10x_bkp.o
BKP_WriteBackupRegister                           Libraries\STM32F10x_StdPeriph_Driver\src\stm32f10x_bkp.o
Blink                                             src\main.o
BusFault_Handler                                  src\stm32f10x_it.o
CAN1_InitStruct                                   src\CAN1.o
CAN1_RX1_IRQHandler                               Libraries\CMSIS\CM3\DeviceSupport\ST\STM32F10x\startup\TrueSTUDIO\startup_stm32f10x_ld.o
CAN1_SCE_IRQHandler                               Libraries\CMSIS\CM3\DeviceSupport\ST\STM32F10x\startup\TrueSTUDIO\startup_stm32f10x_ld.o
CAN1_setup                                        src\CAN1.o
                                                  src\main.o
CAN_CancelTransmit                                Libraries\STM32F10x_StdPeriph_Driver\src\stm32f10x_can.o
CAN_ClearFlag                                     Libraries\STM32F10x_StdPeriph_Driver\src\stm32f10x_can.o
CAN_ClearITPendingBit                             Libraries\STM32F10x_StdPeriph_Driver\src\stm32f10x_can.o
CAN_DBGFreeze                                     Libraries\STM32F10x_StdPeriph_Driver\src\stm32f10x_can.o
CAN_DeInit                                        Libraries\STM32F10x_StdPeriph_Driver\src\stm32f10x_can.o
                                                  src\CAN1.o
CAN_FIFORelease                                   Libraries\STM32F10x_StdPeriph_Driver\src\stm32f10x_can.o
CAN_FilterInit                                    Libraries\STM32F10x_StdPeriph_Driver\src\stm32f10x_can.o
                                                  src\CAN1.o
CAN_FilterInitStructure                           src\CAN1.o
CAN_GetFlagStatus                                 Libraries\STM32F10x_StdPeriph_Driver\src\stm32f10x_can.o
CAN_GetITStatus                                   Libraries\STM32F10x_StdPeriph_Driver\src\stm32f10x_can.o
CAN_ITConfig                                      Libraries\STM32F10x_StdPeriph_Driver\src\stm32f10x_can.o
CAN_Init                                          Libraries\STM32F10x_StdPeriph_Driver\src\stm32f10x_can.o
                                                  src\CAN1.o
CAN_MessagePending                                Libraries\STM32F10x_StdPeriph_Driver\src\stm32f10x_can.o
                                                  src\CAN1.o
CAN_Receive                                       Libraries\STM32F10x_StdPeriph_Driver\src\stm32f10x_can.o
                                                  src\CAN1.o
                                                  src\main.o
CAN_SlaveStartBank                                Libraries\STM32F10x_StdPeriph_Driver\src\stm32f10x_can.o
CAN_Sleep                                         Libraries\STM32F10x_StdPeriph_Driver\src\stm32f10x_can.o
CAN_StructInit                                    Libraries\STM32F10x_StdPeriph_Driver\src\stm32f10x_can.o
                                                  src\CAN1.o
CAN_Transmit                                      Libraries\STM32F10x_StdPeriph_Driver\src\stm32f10x_can.o
                                                  src\CAN1.o
CAN_TransmitStatus                                Libraries\STM32F10x_StdPeriph_Driver\src\stm32f10x_can.o
                                                  src\CAN1.o
CAN_WakeUp                                        Libraries\STM32F10x_StdPeriph_Driver\src\stm32f10x_can.o
CEC_ClearFlag                                     Libraries\STM32F10x_StdPeriph_Driver\src\stm32f10x_cec.o
CEC_ClearITPendingBit                             Libraries\STM32F10x_StdPeriph_Driver\src\stm32f10x_cec.o
CEC_Cmd                                           Libraries\STM32F10x_StdPeriph_Driver\src\stm32f10x_cec.o
CEC_DeInit                                        Libraries\STM32F10x_StdPeriph_Driver\src\stm32f10x_cec.o
CEC_EndOfMessageCmd                               Libraries\STM32F10x_StdPeriph_Driver\src\stm32f10x_cec.o
CEC_GetFlagStatus                                 Libraries\STM32F10x_StdPeriph_Driver\src\stm32f10x_cec.o
CEC_GetITStatus                                   Libraries\STM32F10x_StdPeriph_Driver\src\stm32f10x_cec.o
CEC_ITConfig                                      Libraries\STM32F10x_StdPeriph_Driver\src\stm32f10x_cec.o
CEC_Init                                          Libraries\STM32F10x_StdPeriph_Driver\src\stm32f10x_cec.o
CEC_OwnAddressConfig                              Libraries\STM32F10x_StdPeriph_Driver\src\stm32f10x_cec.o
CEC_ReceiveDataByte                               Libraries\STM32F10x_StdPeriph_Driver\src\stm32f10x_cec.o
CEC_SendDataByte                                  Libraries\STM32F10x_StdPeriph_Driver\src\stm32f10x_cec.o
CEC_SetPrescaler                                  Libraries\STM32F10x_StdPeriph_Driver\src\stm32f10x_cec.o
CEC_StartOfMessage                                Libraries\STM32F10x_StdPeriph_Driver\src\stm32f10x_cec.o
CRC_CalcBlockCRC                                  Libraries\STM32F10x_StdPeriph_Driver\src\stm32f10x_crc.o
CRC_CalcCRC                                       Libraries\STM32F10x_StdPeriph_Driver\src\stm32f10x_crc.o
CRC_GetCRC                                        Libraries\STM32F10x_StdPeriph_Driver\src\stm32f10x_crc.o
CRC_GetIDRegister                                 Libraries\STM32F10x_StdPeriph_Driver\src\stm32f10x_crc.o
CRC_ResetDR                                       Libraries\STM32F10x_StdPeriph_Driver\src\stm32f10x_crc.o
CRC_SetIDRegister                                 Libraries\STM32F10x_StdPeriph_Driver\src\stm32f10x_crc.o
CanRx                                             src\CAN1.o
CanRxToUart                                       src\main.o
CanRxValid                                        src\CAN1.o
CanTx                                             src\CAN1.o
                                                  src\main.o
CanTxWait                                         src\CAN1.o
                                                  src\main.o
DAC_Cmd                                           Libraries\STM32F10x_StdPeriph_Driver\src\stm32f10x_dac.o
DAC_DMACmd                                        Libraries\STM32F10x_StdPeriph_Driver\src\stm32f10x_dac.o
DAC_DeInit                                        Libraries\STM32F10x_StdPeriph_Driver\src\stm32f10x_dac.o
DAC_DualSoftwareTriggerCmd                        Libraries\STM32F10x_StdPeriph_Driver\src\stm32f10x_dac.o
DAC_GetDataOutputValue                            Libraries\STM32F10x_StdPeriph_Driver\src\stm32f10x_dac.o
DAC_Init                                          Libraries\STM32F10x_StdPeriph_Driver\src\stm32f10x_dac.o
DAC_SetChannel1Data                               Libraries\STM32F10x_StdPeriph_Driver\src\stm32f10x_dac.o
DAC_SetChannel2Data                               Libraries\STM32F10x_StdPeriph_Driver\src\stm32f10x_dac.o
DAC_SetDualChannelData                            Libraries\STM32F10x_StdPeriph_Driver\src\stm32f10x_dac.o
DAC_SoftwareTriggerCmd                            Libraries\STM32F10x_StdPeriph_Driver\src\stm32f10x_dac.o
DAC_StructInit                                    Libraries\STM32F10x_StdPeriph_Driver\src\stm32f10x_dac.o
DAC_WaveGenerationCmd                             Libraries\STM32F10x_StdPeriph_Driver\src\stm32f10x_dac.o
DBGMCU_Config                                     Libraries\STM32F10x_StdPeriph_Driver\src\stm32f10x_dbgmcu.o
DBGMCU_GetDEVID                                   Libraries\STM32F10x_StdPeriph_Driver\src\stm32f10x_dbgmcu.o
DBGMCU_GetREVID                                   Libraries\STM32F10x_StdPeriph_Driver\src\stm32f10x_dbgmcu.o
DMA1_Channel1_IRQHandler                          Libraries\CMSIS\CM3\DeviceSupport\ST\STM32F10x\startup\TrueSTUDIO\startup_stm32f10x_ld.o
DMA1_Channel2_IRQHandler                          Libraries\CMSIS\CM3\DeviceSupport\ST\STM32F10x\startup\TrueSTUDIO\startup_stm32f10x_ld.o
DMA1_Channel3_IRQHandler                          Libraries\CMSIS\CM3\DeviceSupport\ST\STM32F10x\startup\TrueSTUDIO\startup_stm32f10x_ld.o
DMA1_Channel4_IRQHandler                          Libraries\CMSIS\CM3\DeviceSupport\ST\STM32F10x\startup\TrueSTUDIO\startup_stm32f10x_ld.o
DMA1_Channel5_IRQHandler                          Libraries\CMSIS\CM3\DeviceSupport\ST\STM32F10x\startup\TrueSTUDIO\startup_stm32f10x_ld.o
DMA1_Channel6_IRQHandler                          Libraries\CMSIS\CM3\DeviceSupport\ST\STM32F10x\startup\TrueSTUDIO\startup_stm32f10x_ld.o
DMA1_Channel7_IRQHandler                          Libraries\CMSIS\CM3\DeviceSupport\ST\STM32F10x\startup\TrueSTUDIO\startup_stm32f10x_ld.o
DMA_ClearFlag                                     Libraries\STM32F10x_StdPeriph_Driver\src\stm32f10x_dma.o
DMA_ClearITPendingBit                             Libraries\STM32F10x_StdPeriph_Driver\src\stm32f10x_dma.o
DMA_Cmd                                           Libraries\STM32F10x_StdPeriph_Driver\src\stm32f10x_dma.o
DMA_DeInit                                        Libraries\STM32F10x_StdPeriph_Driver\src\stm32f10x_dma.o
DMA_GetCurrDataCounter                            Libraries\STM32F10x_StdPeriph_Driver\src\stm32f10x_dma.o
DMA_GetFlagStatus                                 Libraries\STM32F10x_StdPeriph_Driver\src\stm32f10x_dma.o
DMA_GetITStatus                                   Libraries\STM32F10x_StdPeriph_Driver\src\stm32f10x_dma.o
DMA_ITConfig                                      Libraries\STM32F10x_StdPeriph_Driver\src\stm32f10x_dma.o
DMA_Init                                          Libraries\STM32F10x_StdPeriph_Driver\src\stm32f10x_dma.o
DMA_SetCurrDataCounter                            Libraries\STM32F10x_StdPeriph_Driver\src\stm32f10x_dma.o
DMA_StructInit                                    Libraries\STM32F10x_StdPeriph_Driver\src\stm32f10x_dma.o
DebugMon_Handler                                  src\stm32f10x_it.o
Default_Handler                                   Libraries\CMSIS\CM3\DeviceSupport\ST\STM32F10x\startup\TrueSTUDIO\startup_stm32f10x_ld.o
EXTI0_IRQHandler                                  Libraries\CMSIS\CM3\DeviceSupport\ST\STM32F10x\startup\TrueSTUDIO\startup_stm32f10x_ld.o
EXTI15_10_IRQHandler                              Libraries\CMSIS\CM3\DeviceSupport\ST\STM32F10x\startup\TrueSTUDIO\startup_stm32f10x_ld.o
EXTI1_IRQHandler                                  Libraries\CMSIS\CM3\DeviceSupport\ST\STM32F10x\startup\TrueSTUDIO\startup_stm32f10x_ld.o
EXTI2_IRQHandler                                  Libraries\CMSIS\CM3\DeviceSupport\ST\STM32F10x\startup\TrueSTUDIO\startup_stm32f10x_ld.o
EXTI3_IRQHandler                                  Libraries\CMSIS\CM3\DeviceSupport\ST\STM32F10x\startup\TrueSTUDIO\startup_stm32f10x_ld.o
EXTI4_IRQHandler                                  Libraries\CMSIS\CM3\DeviceSupport\ST\STM32F10x\startup\TrueSTUDIO\startup_stm32f10x_ld.o
EXTI9_5_IRQHandler                                Libraries\CMSIS\CM3\DeviceSupport\ST\STM32F10x\startup\TrueSTUDIO\startup_stm32f10x_ld.o
EXTI_ClearFlag                                    Libraries\STM32F10x_StdPeriph_Driver\src\stm32f10x_exti.o
EXTI_ClearITPendingBit                            Libraries\STM32F10x_StdPeriph_Driver\src\stm32f10x_exti.o
EXTI_DeInit                                       Libraries\STM32F10x_StdPeriph_Driver\src\stm32f10x_exti.o
EXTI_GenerateSWInterrupt                          Libraries\STM32F10x_StdPeriph_Driver\src\stm32f10x_exti.o
EXTI_GetFlagStatus                                Libraries\STM32F10x_StdPeriph_Driver\src\stm32f10x_exti.o
EXTI_GetITStatus                                  Libraries\STM32F10x_StdPeriph_Driver\src\stm32f10x_exti.o
EXTI_Init                                         Libraries\STM32F10x_StdPeriph_Driver\src\stm32f10x_exti.o
EXTI_StructInit                                   Libraries\STM32F10x_StdPeriph_Driver\src\stm32f10x_exti.o
FLASH_ClearFlag                                   Libraries\STM32F10x_StdPeriph_Driver\src\stm32f10x_flash.o
FLASH_EnableWriteProtection                       Libraries\STM32F10x_StdPeriph_Driver\src\stm32f10x_flash.o
FLASH_EraseAllBank1Pages                          Libraries\STM32F10x_StdPeriph_Driver\src\stm32f10x_flash.o
FLASH_EraseAllPages                               Libraries\STM32F10x_StdPeriph_Driver\src\stm32f10x_flash.o
FLASH_EraseOptionBytes                            Libraries\STM32F10x_StdPeriph_Driver\src\stm32f10x_flash.o
FLASH_ErasePage                                   Libraries\STM32F10x_StdPeriph_Driver\src\stm32f10x_flash.o
FLASH_GetBank1Status                              Libraries\STM32F10x_StdPeriph_Driver\src\stm32f10x_flash.o
FLASH_GetFlagStatus                               Libraries\STM32F10x_StdPeriph_Driver\src\stm32f10x_flash.o
FLASH_GetPrefetchBufferStatus                     Libraries\STM32F10x_StdPeriph_Driver\src\stm32f10x_flash.o
FLASH_GetReadOutProtectionStatus                  Libraries\STM32F10x_StdPeriph_Driver\src\stm32f10x_flash.o
FLASH_GetStatus                                   Libraries\STM32F10x_StdPeriph_Driver\src\stm32f10x_flash.o
FLASH_GetUserOptionByte                           Libraries\STM32F10x_StdPeriph_Driver\src\stm32f10x_flash.o
FLASH_GetWriteProtectionOptionByte                Libraries\STM32F10x_StdPeriph_Driver\src\stm32f10x_flash.o
FLASH_HalfCycleAccessCmd                          Libraries\STM32F10x_StdPeriph_Driver\src\stm32f10x_flash.o
FLASH_IRQHandler                                  Libraries\CMSIS\CM3\DeviceSupport\ST\STM32F10x\startup\TrueSTUDIO\startup_stm32f10x_ld.o
FLASH_ITConfig                                    Libraries\STM32F10x_StdPeriph_Driver\src\stm32f10x_flash.o
FLASH_Lock                                        Libraries\STM32F10x_StdPeriph_Driver\src\stm32f10x_flash.o
FLASH_LockBank1                                   Libraries\STM32F10x_StdPeriph_Driver\src\stm32f10x_flash.o
FLASH_PrefetchBufferCmd                           Libraries\STM32F10x_StdPeriph_Driver\src\stm32f10x_flash.o
FLASH_ProgramHalfWord                             Libraries\STM32F10x_StdPeriph_Driver\src\stm32f10x_flash.o
FLASH_ProgramOptionByteData                       Libraries\STM32F10x_StdPeriph_Driver\src\stm32f10x_flash.o
FLASH_ProgramWord                                 Libraries\STM32F10x_StdPeriph_Driver\src\stm32f10x_flash.o
FLASH_ReadOutProtection                           Libraries\STM32F10x_StdPeriph_Driver\src\stm32f10x_flash.o
FLASH_SetLatency                                  Libraries\STM32F10x_StdPeriph_Driver\src\stm32f10x_flash.o
FLASH_Unlock                                      Libraries\STM32F10x_StdPeriph_Driver\src\stm32f10x_flash.o
FLASH_UnlockBank1                                 Libraries\STM32F10x_StdPeriph_Driver\src\stm32f10x_flash.o
FLASH_UserOptionByteConfig                        Libraries\STM32F10x_StdPeriph_Driver\src\stm32f10x_flash.o
FLASH_WaitForLastBank1Operation                   Libraries\STM32F10x_StdPeriph_Driver\src\stm32f10x_flash.o
FLASH_WaitForLastOperation                        Libraries\STM32F10x_StdPeriph_Driver\src\stm32f10x_flash.o
FSMC_ClearFlag                                    Libraries\STM32F10x_StdPeriph_Driver\src\stm32f10x_fsmc.o
FSMC_ClearITPendingBit                            Libraries\STM32F10x_StdPeriph_Driver\src\stm32f10x_fsmc.o
FSMC_GetECC                                       Libraries\STM32F10x_StdPeriph_Driver\src\stm32f10x_fsmc.o
FSMC_GetFlagStatus                                Libraries\STM32F10x_StdPeriph_Driver\src\stm32f10x_fsmc.o
FSMC_GetITStatus                                  Libraries\STM32F10x_StdPeriph_Driver\src\stm32f10x_fsmc.o
FSMC_ITConfig                                     Libraries\STM32F10x_StdPeriph_Driver\src\stm32f10x_fsmc.o
FSMC_NANDCmd                                      Libraries\STM32F10x_StdPeriph_Driver\src\stm32f10x_fsmc.o
FSMC_NANDDeInit                                   Libraries\STM32F10x_StdPeriph_Driver\src\stm32f10x_fsmc.o
FSMC_NANDECCCmd                                   Libraries\STM32F10x_StdPeriph_Driver\src\stm32f10x_fsmc.o
FSMC_NANDInit                                     Libraries\STM32F10x_StdPeriph_Driver\src\stm32f10x_fsmc.o
FSMC_NANDStructInit                               Libraries\STM32F10x_StdPeriph_Driver\src\stm32f10x_fsmc.o
FSMC_NORSRAMCmd                                   Libraries\STM32F10x_StdPeriph_Driver\src\stm32f10x_fsmc.o
FSMC_NORSRAMDeInit                                Libraries\STM32F10x_StdPeriph_Driver\src\stm32f10x_fsmc.o
FSMC_NORSRAMInit                                  Libraries\STM32F10x_StdPeriph_Driver\src\stm32f10x_fsmc.o
FSMC_NORSRAMStructInit                            Libraries\STM32F10x_StdPeriph_Driver\src\stm32f10x_fsmc.o
FSMC_PCCARDCmd                                    Libraries\STM32F10x_StdPeriph_Driver\src\stm32f10x_fsmc.o
FSMC_PCCARDDeInit                                 Libraries\STM32F10x_StdPeriph_Driver\src\stm32f10x_fsmc.o
FSMC_PCCARDInit                                   Libraries\STM32F10x_StdPeriph_Driver\src\stm32f10x_fsmc.o
FSMC_PCCARDStructInit                             Libraries\STM32F10x_StdPeriph_Driver\src\stm32f10x_fsmc.o
GPIO_AFIODeInit                                   Libraries\STM32F10x_StdPeriph_Driver\src\stm32f10x_gpio.o
GPIO_DeInit                                       Libraries\STM32F10x_StdPeriph_Driver\src\stm32f10x_gpio.o
GPIO_ETH_MediaInterfaceConfig                     Libraries\STM32F10x_StdPeriph_Driver\src\stm32f10x_gpio.o
GPIO_EXTILineConfig                               Libraries\STM32F10x_StdPeriph_Driver\src\stm32f10x_gpio.o
GPIO_EventOutputCmd                               Libraries\STM32F10x_StdPeriph_Driver\src\stm32f10x_gpio.o
GPIO_EventOutputConfig                            Libraries\STM32F10x_StdPeriph_Driver\src\stm32f10x_gpio.o
GPIO_Init                                         Libraries\STM32F10x_StdPeriph_Driver\src\stm32f10x_gpio.o
                                                  src\board_canall_v2.o
                                                  src\uart.o
GPIO_PinLockConfig                                Libraries\STM32F10x_StdPeriph_Driver\src\stm32f10x_gpio.o
GPIO_PinRemapConfig                               Libraries\STM32F10x_StdPeriph_Driver\src\stm32f10x_gpio.o
                                                  src\board_canall_v2.o
GPIO_ReadInputData                                Libraries\STM32F10x_StdPeriph_Driver\src\stm32f10x_gpio.o
GPIO_ReadInputDataBit                             Libraries\STM32F10x_StdPeriph_Driver\src\stm32f10x_gpio.o
                                                  src\main.o
GPIO_ReadOutputData                               Libraries\STM32F10x_StdPeriph_Driver\src\stm32f10x_gpio.o
                                                  src\main.o
GPIO_ReadOutputDataBit                            Libraries\STM32F10x_StdPeriph_Driver\src\stm32f10x_gpio.o
GPIO_ResetBits                                    Libraries\STM32F10x_StdPeriph_Driver\src\stm32f10x_gpio.o
                                                  src\main.o
                                                  src\stm32f10x_it.o
GPIO_SetBits                                      Libraries\STM32F10x_StdPeriph_Driver\src\stm32f10x_gpio.o
                                                  src\main.o
                                                  src\stm32f10x_it.o
GPIO_StructInit                                   Libraries\STM32F10x_StdPeriph_Driver\src\stm32f10x_gpio.o
GPIO_Write                                        Libraries\STM32F10x_StdPeriph_Driver\src\stm32f10x_gpio.o
GPIO_WriteBit                                     Libraries\STM32F10x_StdPeriph_Driver\src\stm32f10x_gpio.o
HardFault_Handler                                 src\stm32f10x_it.o
I2C1_ER_IRQHandler                                Libraries\CMSIS\CM3\DeviceSupport\ST\STM32F10x\startup\TrueSTUDIO\startup_stm32f10x_ld.o
I2C1_EV_IRQHandler                                Libraries\CMSIS\CM3\DeviceSupport\ST\STM32F10x\startup\TrueSTUDIO\startup_stm32f10x_ld.o
I2C_ARPCmd                                        Libraries\STM32F10x_StdPeriph_Driver\src\stm32f10x_i2c.o
I2C_AcknowledgeConfig                             Libraries\STM32F10x_StdPeriph_Driver\src\stm32f10x_i2c.o
I2C_CalculatePEC                                  Libraries\STM32F10x_StdPeriph_Driver\src\stm32f10x_i2c.o
I2C_CheckEvent                                    Libraries\STM32F10x_StdPeriph_Driver\src\stm32f10x_i2c.o
I2C_ClearFlag                                     Libraries\STM32F10x_StdPeriph_Driver\src\stm32f10x_i2c.o
I2C_ClearITPendingBit                             Libraries\STM32F10x_StdPeriph_Driver\src\stm32f10x_i2c.o
I2C_Cmd                                           Libraries\STM32F10x_StdPeriph_Driver\src\stm32f10x_i2c.o
I2C_DMACmd                                        Libraries\STM32F10x_StdPeriph_Driver\src\stm32f10x_i2c.o
I2C_DMALastTransferCmd                            Libraries\STM32F10x_StdPeriph_Driver\src\stm32f10x_i2c.o
I2C_DeInit                                        Libraries\STM32F10x_StdPeriph_Driver\src\stm32f10x_i2c.o
I2C_DualAddressCmd                                Libraries\STM32F10x_StdPeriph_Driver\src\stm32f10x_i2c.o
I2C_FastModeDutyCycleConfig                       Libraries\STM32F10x_StdPeriph_Driver\src\stm32f10x_i2c.o
I2C_GeneralCallCmd                                Libraries\STM32F10x_StdPeriph_Driver\src\stm32f10x_i2c.o
I2C_GenerateSTART                                 Libraries\STM32F10x_StdPeriph_Driver\src\stm32f10x_i2c.o
I2C_GenerateSTOP                                  Libraries\STM32F10x_StdPeriph_Driver\src\stm32f10x_i2c.o
I2C_GetFlagStatus                                 Libraries\STM32F10x_StdPeriph_Driver\src\stm32f10x_i2c.o
I2C_GetITStatus                                   Libraries\STM32F10x_StdPeriph_Driver\src\stm32f10x_i2c.o
I2C_GetLastEvent                                  Libraries\STM32F10x_StdPeriph_Driver\src\stm32f10x_i2c.o
I2C_GetPEC                                        Libraries\STM32F10x_StdPeriph_Driver\src\stm32f10x_i2c.o
I2C_ITConfig                                      Libraries\STM32F10x_StdPeriph_Driver\src\stm32f10x_i2c.o
I2C_Init                                          Libraries\STM32F10x_StdPeriph_Driver\src\stm32f10x_i2c.o
I2C_OwnAddress2Config                             Libraries\STM32F10x_StdPeriph_Driver\src\stm32f10x_i2c.o
I2C_PECPositionConfig                             Libraries\STM32F10x_StdPeriph_Driver\src\stm32f10x_i2c.o
I2C_ReadRegister                                  Libraries\STM32F10x_StdPeriph_Driver\src\stm32f10x_i2c.o
I2C_ReceiveData                                   Libraries\STM32F10x_StdPeriph_Driver\src\stm32f10x_i2c.o
I2C_SMBusAlertConfig                              Libraries\STM32F10x_StdPeriph_Driver\src\stm32f10x_i2c.o
I2C_Send7bitAddress                               Libraries\STM32F10x_StdPeriph_Driver\src\stm32f10x_i2c.o
I2C_SendData                                      Libraries\STM32F10x_StdPeriph_Driver\src\stm32f10x_i2c.o
I2C_SoftwareResetCmd                              Libraries\STM32F10x_StdPeriph_Driver\src\stm32f10x_i2c.o
I2C_StretchClockCmd                               Libraries\STM32F10x_StdPeriph_Driver\src\stm32f10x_i2c.o
I2C_StructInit                                    Libraries\STM32F10x_StdPeriph_Driver\src\stm32f10x_i2c.o
I2C_TransmitPEC                                   Libraries\STM32F10x_StdPeriph_Driver\src\stm32f10x_i2c.o
I2S_Cmd                                           Libraries\STM32F10x_StdPeriph_Driver\src\stm32f10x_spi.o
I2S_Init                                          Libraries\STM32F10x_StdPeriph_Driver\src\stm32f10x_spi.o
I2S_StructInit                                    Libraries\STM32F10x_StdPeriph_Driver\src\stm32f10x_spi.o
IWDG_Enable                                       Libraries\STM32F10x_StdPeriph_Driver\src\stm32f10x_iwdg.o
IWDG_GetFlagStatus                                Libraries\STM32F10x_StdPeriph_Driver\src\stm32f10x_iwdg.o
IWDG_ReloadCounter                                Libraries\STM32F10x_StdPeriph_Driver\src\stm32f10x_iwdg.o
IWDG_SetPrescaler                                 Libraries\STM32F10x_StdPeriph_Driver\src\stm32f10x_iwdg.o
IWDG_SetReload                                    Libraries\STM32F10x_StdPeriph_Driver\src\stm32f10x_iwdg.o
IWDG_WriteAccessCmd                               Libraries\STM32F10x_StdPeriph_Driver\src\stm32f10x_iwdg.o
InitBoardCanall                                   src\board_canall_v2.o
                                                  src\main.o
InitializeUarts                                   src\uart.o
                                                  src\main.o
LatchInOut                                        src\main.o
MemManage_Handler                                 src\stm32f10x_it.o
NMI_Handler                                       src\stm32f10x_it.o
NVIC_Configuration                                src\main.o
NVIC_Init                                         Libraries\STM32F10x_StdPeriph_Driver\src\misc.o
                                                  src\main.o
NVIC_PriorityGroupConfig                          Libraries\STM32F10x_StdPeriph_Driver\src\misc.o
NVIC_SetVectorTable                               Libraries\STM32F10x_StdPeriph_Driver\src\misc.o
NVIC_SystemLPConfig                               Libraries\STM32F10x_StdPeriph_Driver\src\misc.o
PA                                                src\main.o
PVD_IRQHandler                                    Libraries\CMSIS\CM3\DeviceSupport\ST\STM32F10x\startup\TrueSTUDIO\startup_stm32f10x_ld.o
PWR_BackupAccessCmd                               Libraries\STM32F10x_StdPeriph_Driver\src\stm32f10x_pwr.o
PWR_ClearFlag                                     Libraries\STM32F10x_StdPeriph_Driver\src\stm32f10x_pwr.o
PWR_DeInit                                        Libraries\STM32F10x_StdPeriph_Driver\src\stm32f10x_pwr.o
PWR_EnterSTANDBYMode                              Libraries\STM32F10x_StdPeriph_Driver\src\stm32f10x_pwr.o
PWR_EnterSTOPMode                                 Libraries\STM32F10x_StdPeriph_Driver\src\stm32f10x_pwr.o
PWR_GetFlagStatus                                 Libraries\STM32F10x_StdPeriph_Driver\src\stm32f10x_pwr.o
PWR_PVDCmd                                        Libraries\STM32F10x_StdPeriph_Driver\src\stm32f10x_pwr.o
PWR_PVDLevelConfig                                Libraries\STM32F10x_StdPeriph_Driver\src\stm32f10x_pwr.o
PWR_WakeUpPinCmd                                  Libraries\STM32F10x_StdPeriph_Driver\src\stm32f10x_pwr.o
PendSV_Handler                                    src\stm32f10x_it.o
PreviousData0                                     src\main.o
RCC_ADCCLKConfig                                  Libraries\STM32F10x_StdPeriph_Driver\src\stm32f10x_rcc.o
RCC_AHBPeriphClockCmd                             Libraries\STM32F10x_StdPeriph_Driver\src\stm32f10x_rcc.o
RCC_APB1PeriphClockCmd                            Libraries\STM32F10x_StdPeriph_Driver\src\stm32f10x_rcc.o
                                                  src\board_canall_v2.o
                                                  src\uart.o
RCC_APB1PeriphResetCmd                            Libraries\STM32F10x_StdPeriph_Driver\src\stm32f10x_rcc.o
                                                  Libraries\STM32F10x_StdPeriph_Driver\src\stm32f10x_can.o
                                                  Libraries\STM32F10x_StdPeriph_Driver\src\stm32f10x_cec.o
                                                  Libraries\STM32F10x_StdPeriph_Driver\src\stm32f10x_dac.o
                                                  Libraries\STM32F10x_StdPeriph_Driver\src\stm32f10x_i2c.o
                                                  Libraries\STM32F10x_StdPeriph_Driver\src\stm32f10x_pwr.o
                                                  Libraries\STM32F10x_StdPeriph_Driver\src\stm32f10x_spi.o
                                                  Libraries\STM32F10x_StdPeriph_Driver\src\stm32f10x_tim.o
                                                  Libraries\STM32F10x_StdPeriph_Driver\src\stm32f10x_usart.o
                                                  Libraries\STM32F10x_StdPeriph_Driver\src\stm32f10x_wwdg.o